Modules list:
-------------
main.o:
    CODE              Offs=000000  Size=0005D0  Align=00001  Fill=0000
    RODATA            Offs=000000  Size=000127  Align=00001  Fill=0000
    BSS               Offs=000000  Size=0000FF  Align=00001  Fill=0000
    DATA              Offs=000000  Size=000001  Align=00001  Fill=0000
    ZEROPAGE          Offs=000000  Size=000000  Align=00001  Fill=0000
    NULL              Offs=000000  Size=000000  Align=00001  Fill=0000
layout.o:
    CODE              Offs=0005D0  Size=00069C  Align=00001  Fill=0000
    RODATA            Offs=000127  Size=00009E  Align=00001  Fill=0000
    BSS               Offs=0000FF  Size=000000  Align=00001  Fill=0000
    DATA              Offs=000001  Size=000000  Align=00001  Fill=0000
    ZEROPAGE          Offs=000000  Size=000000  Align=00001  Fill=0000
    NULL              Offs=000000  Size=000000  Align=00001  Fill=0000
draw.o:
    CODE              Offs=000C6C  Size=0004DE  Align=00001  Fill=0000
    RODATA            Offs=0001C5  Size=000000  Align=00001  Fill=0000
    BSS               Offs=0000FF  Size=000000  Align=00001  Fill=0000
    DATA              Offs=000001  Size=000000  Align=00001  Fill=0000
    ZEROPAGE          Offs=000000  Size=000000  Align=00001  Fill=0000
    NULL              Offs=000000  Size=000000  Align=00001  Fill=0000
memory.o:
    CODE              Offs=00114A  Size=00029A  Align=00001  Fill=0000
    RODATA            Offs=0001C5  Size=000000  Align=00001  Fill=0000
    BSS               Offs=0000FF  Size=000013  Align=00001  Fill=0000
    DATA              Offs=000001  Size=000000  Align=00001  Fill=0000
    ZEROPAGE          Offs=000000  Size=000000  Align=00001  Fill=0000
    NULL              Offs=000000  Size=000000  Align=00001  Fill=0000
screen.o:
    CODE              Offs=0013E4  Size=000AE5  Align=00001  Fill=0000
    RODATA            Offs=0001C5  Size=000129  Align=00001  Fill=0000
    BSS               Offs=000112  Size=000011  Align=00001  Fill=0000
    DATA              Offs=000001  Size=00006B  Align=00001  Fill=0000
    ZEROPAGE          Offs=000000  Size=000000  Align=00001  Fill=0000
    NULL              Offs=000000  Size=000000  Align=00001  Fill=0000
hal_mega65.o:
    CODE              Offs=001EC9  Size=00003E  Align=00001  Fill=0000
    RODATA            Offs=0002EE  Size=00002B  Align=00001  Fill=0000
    BSS               Offs=000123  Size=000000  Align=00001  Fill=0000
    DATA              Offs=00006C  Size=000003  Align=00001  Fill=0000
    ZEROPAGE          Offs=000000  Size=000000  Align=00001  Fill=0000
    NULL              Offs=000000  Size=000000  Align=00001  Fill=0000
charset.o:
    CODE              Offs=001F07  Size=000842  Align=00001  Fill=0000
    RODATA            Offs=000319  Size=000000  Align=00001  Fill=0000
    BSS               Offs=000123  Size=000000  Align=00001  Fill=0000
    DATA              Offs=00006F  Size=000000  Align=00001  Fill=0000
    ZEROPAGE          Offs=000000  Size=000000  Align=00001  Fill=0000
    NULL              Offs=000000  Size=000000  Align=00001  Fill=0000
/media/js/29a565b2-0370-40e9-bddc-690a30787715/mega65/codeEnv/cc65/lib/c64.lib(_cursor.o):
    CODE              Offs=002749  Size=000000  Align=00001  Fill=0000
    RODATA            Offs=000319  Size=000000  Align=00001  Fill=0000
    BSS               Offs=000123  Size=000001  Align=00001  Fill=0000
    DATA              Offs=00006F  Size=000000  Align=00001  Fill=0000
    ZEROPAGE          Offs=000000  Size=000000  Align=00001  Fill=0000
    NULL              Offs=000000  Size=000000  Align=00001  Fill=0000
/media/js/29a565b2-0370-40e9-bddc-690a30787715/mega65/codeEnv/cc65/lib/c64.lib(_directerrno.o):
    CODE              Offs=002749  Size=00000A  Align=00001  Fill=0000
    RODATA            Offs=000319  Size=000000  Align=00001  Fill=0000
    BSS               Offs=000124  Size=000000  Align=00001  Fill=0000
    DATA              Offs=00006F  Size=000000  Align=00001  Fill=0000
    ZEROPAGE          Offs=000000  Size=000000  Align=00001  Fill=0000
    NULL              Offs=000000  Size=000000  Align=00001  Fill=0000
/media/js/29a565b2-0370-40e9-bddc-690a30787715/mega65/codeEnv/cc65/lib/c64.lib(_file.o):
    CODE              Offs=002753  Size=000000  Align=00001  Fill=0000
    RODATA            Offs=000319  Size=000000  Align=00001  Fill=0000
    BSS               Offs=000124  Size=000000  Align=00001  Fill=0000
    DATA              Offs=00006F  Size=00001E  Align=00001  Fill=0000
    ZEROPAGE          Offs=000000  Size=000000  Align=00001  Fill=0000
    NULL              Offs=000000  Size=000000  Align=00001  Fill=0000
/media/js/29a565b2-0370-40e9-bddc-690a30787715/mega65/codeEnv/cc65/lib/c64.lib(_hextab.o):
    CODE              Offs=002753  Size=000000  Align=00001  Fill=0000
    RODATA            Offs=000319  Size=000010  Align=00001  Fill=0000
    BSS               Offs=000124  Size=000000  Align=00001  Fill=0000
    DATA              Offs=00008D  Size=000000  Align=00001  Fill=0000
    ZEROPAGE          Offs=000000  Size=000000  Align=00001  Fill=0000
    NULL              Offs=000000  Size=000000  Align=00001  Fill=0000
/media/js/29a565b2-0370-40e9-bddc-690a30787715/mega65/codeEnv/cc65/lib/c64.lib(_longminstr.o):
    CODE              Offs=002753  Size=000000  Align=00001  Fill=0000
    RODATA            Offs=000329  Size=00000C  Align=00001  Fill=0000
    BSS               Offs=000124  Size=000000  Align=00001  Fill=0000
    DATA              Offs=00008D  Size=000000  Align=00001  Fill=0000
    ZEROPAGE          Offs=000000  Size=000000  Align=00001  Fill=0000
    NULL              Offs=000000  Size=000000  Align=00001  Fill=0000
/media/js/29a565b2-0370-40e9-bddc-690a30787715/mega65/codeEnv/cc65/lib/c64.lib(_mappederrno.o):
    CODE              Offs=002753  Size=000010  Align=00001  Fill=0000
    RODATA            Offs=000335  Size=000000  Align=00001  Fill=0000
    BSS               Offs=000124  Size=000000  Align=00001  Fill=0000
    DATA              Offs=00008D  Size=000000  Align=00001  Fill=0000
    ZEROPAGE          Offs=000000  Size=000000  Align=00001  Fill=0000
    NULL              Offs=000000  Size=000000  Align=00001  Fill=0000
/media/js/29a565b2-0370-40e9-bddc-690a30787715/mega65/codeEnv/cc65/lib/c64.lib(_oserror.o):
    CODE              Offs=002763  Size=000000  Align=00001  Fill=0000
    RODATA            Offs=000335  Size=000000  Align=00001  Fill=0000
    BSS               Offs=000124  Size=000001  Align=00001  Fill=0000
    DATA              Offs=00008D  Size=000000  Align=00001  Fill=0000
    ZEROPAGE          Offs=000000  Size=000000  Align=00001  Fill=0000
    NULL              Offs=000000  Size=000000  Align=00001  Fill=0000
/media/js/29a565b2-0370-40e9-bddc-690a30787715/mega65/codeEnv/cc65/lib/c64.lib(_printf.o):
    CODE              Offs=002763  Size=0003A5  Align=00001  Fill=0000
    RODATA            Offs=000335  Size=000000  Align=00001  Fill=0000
    BSS               Offs=000125  Size=00002B  Align=00001  Fill=0000
    DATA              Offs=00008D  Size=000003  Align=00001  Fill=0000
    ZEROPAGE          Offs=000000  Size=000000  Align=00001  Fill=0000
    NULL              Offs=000000  Size=000000  Align=00001  Fill=0000
/media/js/29a565b2-0370-40e9-bddc-690a30787715/mega65/codeEnv/cc65/lib/c64.lib(_seterrno.o):
    CODE              Offs=002B08  Size=000009  Align=00001  Fill=0000
    RODATA            Offs=000335  Size=000000  Align=00001  Fill=0000
    BSS               Offs=000150  Size=000000  Align=00001  Fill=0000
    DATA              Offs=000090  Size=000000  Align=00001  Fill=0000
    ZEROPAGE          Offs=000000  Size=000000  Align=00001  Fill=0000
    NULL              Offs=000000  Size=000000  Align=00001  Fill=0000
/media/js/29a565b2-0370-40e9-bddc-690a30787715/mega65/codeEnv/cc65/lib/c64.lib(add.o):
    CODE              Offs=002B11  Size=00001C  Align=00001  Fill=0000
    RODATA            Offs=000335  Size=000000  Align=00001  Fill=0000
    BSS               Offs=000150  Size=000000  Align=00001  Fill=0000
    DATA              Offs=000090  Size=000000  Align=00001  Fill=0000
    ZEROPAGE          Offs=000000  Size=000000  Align=00001  Fill=0000
    NULL              Offs=000000  Size=000000  Align=00001  Fill=0000
/media/js/29a565b2-0370-40e9-bddc-690a30787715/mega65/codeEnv/cc65/lib/c64.lib(addeqsp.o):
    CODE              Offs=002B2D  Size=000011  Align=00001  Fill=0000
    RODATA            Offs=000335  Size=000000  Align=00001  Fill=0000
    BSS               Offs=000150  Size=000000  Align=00001  Fill=0000
    DATA              Offs=000090  Size=000000  Align=00001  Fill=0000
    ZEROPAGE          Offs=000000  Size=000000  Align=00001  Fill=0000
    NULL              Offs=000000  Size=000000  Align=00001  Fill=0000
/media/js/29a565b2-0370-40e9-bddc-690a30787715/mega65/codeEnv/cc65/lib/c64.lib(addysp.o):
    CODE              Offs=002B3E  Size=00000E  Align=00001  Fill=0000
    RODATA            Offs=000335  Size=000000  Align=00001  Fill=0000
    BSS               Offs=000150  Size=000000  Align=00001  Fill=0000
    DATA              Offs=000090  Size=000000  Align=00001  Fill=0000
    ZEROPAGE          Offs=000000  Size=000000  Align=00001  Fill=0000
    NULL              Offs=000000  Size=000000  Align=00001  Fill=0000
/media/js/29a565b2-0370-40e9-bddc-690a30787715/mega65/codeEnv/cc65/lib/c64.lib(aslax2.o):
    CODE              Offs=002B4C  Size=00000B  Align=00001  Fill=0000
    RODATA            Offs=000335  Size=000000  Align=00001  Fill=0000
    BSS               Offs=000150  Size=000000  Align=00001  Fill=0000
    DATA              Offs=000090  Size=000000  Align=00001  Fill=0000
    ZEROPAGE          Offs=000000  Size=000000  Align=00001  Fill=0000
    NULL              Offs=000000  Size=000000  Align=00001  Fill=0000
/media/js/29a565b2-0370-40e9-bddc-690a30787715/mega65/codeEnv/cc65/lib/c64.lib(aslax4.o):
    CODE              Offs=002B57  Size=000011  Align=00001  Fill=0000
    RODATA            Offs=000335  Size=000000  Align=00001  Fill=0000
    BSS               Offs=000150  Size=000000  Align=00001  Fill=0000
    DATA              Offs=000090  Size=000000  Align=00001  Fill=0000
    ZEROPAGE          Offs=000000  Size=000000  Align=00001  Fill=0000
    NULL              Offs=000000  Size=000000  Align=00001  Fill=0000
/media/js/29a565b2-0370-40e9-bddc-690a30787715/mega65/codeEnv/cc65/lib/c64.lib(asreax4.o):
    CODE              Offs=002B68  Size=000015  Align=00001  Fill=0000
    RODATA            Offs=000335  Size=000000  Align=00001  Fill=0000
    BSS               Offs=000150  Size=000000  Align=00001  Fill=0000
    DATA              Offs=000090  Size=000000  Align=00001  Fill=0000
    ZEROPAGE          Offs=000000  Size=000000  Align=00001  Fill=0000
    NULL              Offs=000000  Size=000000  Align=00001  Fill=0000
/media/js/29a565b2-0370-40e9-bddc-690a30787715/mega65/codeEnv/cc65/lib/c64.lib(axlong.o):
    CODE              Offs=002B7D  Size=00000D  Align=00001  Fill=0000
    RODATA            Offs=000335  Size=000000  Align=00001  Fill=0000
    BSS               Offs=000150  Size=000000  Align=00001  Fill=0000
    DATA              Offs=000090  Size=000000  Align=00001  Fill=0000
    ZEROPAGE          Offs=000000  Size=000000  Align=00001  Fill=0000
    NULL              Offs=000000  Size=000000  Align=00001  Fill=0000
/media/js/29a565b2-0370-40e9-bddc-690a30787715/mega65/codeEnv/cc65/lib/c64.lib(callmain.o):
    CODE              Offs=002B8A  Size=000017  Align=00001  Fill=0000
    RODATA            Offs=000335  Size=000000  Align=00001  Fill=0000
    BSS               Offs=000150  Size=000000  Align=00001  Fill=0000
    DATA              Offs=000090  Size=000004  Align=00001  Fill=0000
    ZEROPAGE          Offs=000000  Size=000000  Align=00001  Fill=0000
    NULL              Offs=000000  Size=000000  Align=00001  Fill=0000
/media/js/29a565b2-0370-40e9-bddc-690a30787715/mega65/codeEnv/cc65/lib/c64.lib(cgetc.o):
    CODE              Offs=002BA1  Size=000047  Align=00001  Fill=0000
    RODATA            Offs=000335  Size=000000  Align=00001  Fill=0000
    BSS               Offs=000150  Size=000000  Align=00001  Fill=0000
    DATA              Offs=000094  Size=000000  Align=00001  Fill=0000
    ZEROPAGE          Offs=000000  Size=000000  Align=00001  Fill=0000
    NULL              Offs=000000  Size=000000  Align=00001  Fill=0000
/media/js/29a565b2-0370-40e9-bddc-690a30787715/mega65/codeEnv/cc65/lib/c64.lib(condes.o):
    CODE              Offs=002BE8  Size=00000C  Align=00001  Fill=0000
    RODATA            Offs=000335  Size=000000  Align=00001  Fill=0000
    BSS               Offs=000150  Size=000000  Align=00001  Fill=0000
    DATA              Offs=000094  Size=000025  Align=00001  Fill=0000
    ZEROPAGE          Offs=000000  Size=000000  Align=00001  Fill=0000
    NULL              Offs=000000  Size=000000  Align=00001  Fill=0000
    ONCE              Offs=000000  Size=00000C  Align=00001  Fill=0000
/media/js/29a565b2-0370-40e9-bddc-690a30787715/mega65/codeEnv/cc65/lib/c64.lib(crt0.o):
    CODE              Offs=002BF4  Size=000000  Align=00001  Fill=0000
    RODATA            Offs=000335  Size=000000  Align=00001  Fill=0000
    BSS               Offs=000150  Size=000000  Align=00001  Fill=0000
    DATA              Offs=0000B9  Size=000000  Align=00001  Fill=0000
    ZEROPAGE          Offs=000000  Size=000000  Align=00001  Fill=0000
    NULL              Offs=000000  Size=000000  Align=00001  Fill=0000
    STARTUP           Offs=000000  Size=000033  Align=00001  Fill=0000
    ONCE              Offs=00000C  Size=00001A  Align=00001  Fill=0000
    INIT              Offs=000000  Size=00001C  Align=00001  Fill=0000
/media/js/29a565b2-0370-40e9-bddc-690a30787715/mega65/codeEnv/cc65/lib/c64.lib(ctype.o):
    CODE              Offs=002BF4  Size=000000  Align=00001  Fill=0000
    RODATA            Offs=000335  Size=000100  Align=00001  Fill=0000
    BSS               Offs=000150  Size=000000  Align=00001  Fill=0000
    DATA              Offs=0000B9  Size=000000  Align=00001  Fill=0000
    ZEROPAGE          Offs=000000  Size=000000  Align=00001  Fill=0000
    NULL              Offs=000000  Size=000000  Align=00001  Fill=0000
/media/js/29a565b2-0370-40e9-bddc-690a30787715/mega65/codeEnv/cc65/lib/c64.lib(decsp1.o):
    CODE              Offs=002BF4  Size=000009  Align=00001  Fill=0000
    RODATA            Offs=000435  Size=000000  Align=00001  Fill=0000
    BSS               Offs=000150  Size=000000  Align=00001  Fill=0000
    DATA              Offs=0000B9  Size=000000  Align=00001  Fill=0000
    ZEROPAGE          Offs=000000  Size=000000  Align=00001  Fill=0000
    NULL              Offs=000000  Size=000000  Align=00001  Fill=0000
/media/js/29a565b2-0370-40e9-bddc-690a30787715/mega65/codeEnv/cc65/lib/c64.lib(decsp2.o):
    CODE              Offs=002BFD  Size=00000D  Align=00001  Fill=0000
    RODATA            Offs=000435  Size=000000  Align=00001  Fill=0000
    BSS               Offs=000150  Size=000000  Align=00001  Fill=0000
    DATA              Offs=0000B9  Size=000000  Align=00001  Fill=0000
    ZEROPAGE          Offs=000000  Size=000000  Align=00001  Fill=0000
    NULL              Offs=000000  Size=000000  Align=00001  Fill=0000
/media/js/29a565b2-0370-40e9-bddc-690a30787715/mega65/codeEnv/cc65/lib/c64.lib(decsp4.o):
    CODE              Offs=002C0A  Size=00000D  Align=00001  Fill=0000
    RODATA            Offs=000435  Size=000000  Align=00001  Fill=0000
    BSS               Offs=000150  Size=000000  Align=00001  Fill=0000
    DATA              Offs=0000B9  Size=000000  Align=00001  Fill=0000
    ZEROPAGE          Offs=000000  Size=000000  Align=00001  Fill=0000
    NULL              Offs=000000  Size=000000  Align=00001  Fill=0000
/media/js/29a565b2-0370-40e9-bddc-690a30787715/mega65/codeEnv/cc65/lib/c64.lib(decsp5.o):
    CODE              Offs=002C17  Size=00000D  Align=00001  Fill=0000
    RODATA            Offs=000435  Size=000000  Align=00001  Fill=0000
    BSS               Offs=000150  Size=000000  Align=00001  Fill=0000
    DATA              Offs=0000B9  Size=000000  Align=00001  Fill=0000
    ZEROPAGE          Offs=000000  Size=000000  Align=00001  Fill=0000
    NULL              Offs=000000  Size=000000  Align=00001  Fill=0000
/media/js/29a565b2-0370-40e9-bddc-690a30787715/mega65/codeEnv/cc65/lib/c64.lib(decsp6.o):
    CODE              Offs=002C24  Size=00000D  Align=00001  Fill=0000
    RODATA            Offs=000435  Size=000000  Align=00001  Fill=0000
    BSS               Offs=000150  Size=000000  Align=00001  Fill=0000
    DATA              Offs=0000B9  Size=000000  Align=00001  Fill=0000
    ZEROPAGE          Offs=000000  Size=000000  Align=00001  Fill=0000
    NULL              Offs=000000  Size=000000  Align=00001  Fill=0000
/media/js/29a565b2-0370-40e9-bddc-690a30787715/mega65/codeEnv/cc65/lib/c64.lib(decsp7.o):
    CODE              Offs=002C31  Size=00000D  Align=00001  Fill=0000
    RODATA            Offs=000435  Size=000000  Align=00001  Fill=0000
    BSS               Offs=000150  Size=000000  Align=00001  Fill=0000
    DATA              Offs=0000B9  Size=000000  Align=00001  Fill=0000
    ZEROPAGE          Offs=000000  Size=000000  Align=00001  Fill=0000
    NULL              Offs=000000  Size=000000  Align=00001  Fill=0000
/media/js/29a565b2-0370-40e9-bddc-690a30787715/mega65/codeEnv/cc65/lib/c64.lib(decsp8.o):
    CODE              Offs=002C3E  Size=00000D  Align=00001  Fill=0000
    RODATA            Offs=000435  Size=000000  Align=00001  Fill=0000
    BSS               Offs=000150  Size=000000  Align=00001  Fill=0000
    DATA              Offs=0000B9  Size=000000  Align=00001  Fill=0000
    ZEROPAGE          Offs=000000  Size=000000  Align=00001  Fill=0000
    NULL              Offs=000000  Size=000000  Align=00001  Fill=0000
/media/js/29a565b2-0370-40e9-bddc-690a30787715/mega65/codeEnv/cc65/lib/c64.lib(errno.o):
    CODE              Offs=002C4B  Size=000000  Align=00001  Fill=0000
    RODATA            Offs=000435  Size=000000  Align=00001  Fill=0000
    BSS               Offs=000150  Size=000002  Align=00001  Fill=0000
    DATA              Offs=0000B9  Size=000000  Align=00001  Fill=0000
    ZEROPAGE          Offs=000000  Size=000000  Align=00001  Fill=0000
    NULL              Offs=000000  Size=000000  Align=00001  Fill=0000
/media/js/29a565b2-0370-40e9-bddc-690a30787715/mega65/codeEnv/cc65/lib/c64.lib(exehdr.o):
    CODE              Offs=002C4B  Size=000000  Align=00001  Fill=0000
    RODATA            Offs=000435  Size=000000  Align=00001  Fill=0000
    BSS               Offs=000152  Size=000000  Align=00001  Fill=0000
    DATA              Offs=0000B9  Size=000000  Align=00001  Fill=0000
    ZEROPAGE          Offs=000000  Size=000000  Align=00001  Fill=0000
    NULL              Offs=000000  Size=000000  Align=00001  Fill=0000
    EXEHDR            Offs=000000  Size=00000C  Align=00001  Fill=0000
/media/js/29a565b2-0370-40e9-bddc-690a30787715/mega65/codeEnv/cc65/lib/c64.lib(filedes.o):
    CODE              Offs=002C4B  Size=00000E  Align=00001  Fill=0000
    RODATA            Offs=000435  Size=000000  Align=00001  Fill=0000
    BSS               Offs=000152  Size=000000  Align=00001  Fill=0000
    DATA              Offs=0000B9  Size=000010  Align=00001  Fill=0000
    ZEROPAGE          Offs=000000  Size=000000  Align=00001  Fill=0000
    NULL              Offs=000000  Size=000000  Align=00001  Fill=0000
/media/js/29a565b2-0370-40e9-bddc-690a30787715/mega65/codeEnv/cc65/lib/c64.lib(fwrite.o):
    CODE              Offs=002C59  Size=00007B  Align=00001  Fill=0000
    RODATA            Offs=000435  Size=000000  Align=00001  Fill=0000
    BSS               Offs=000152  Size=000002  Align=00001  Fill=0000
    DATA              Offs=0000C9  Size=000000  Align=00001  Fill=0000
    ZEROPAGE          Offs=000000  Size=000000  Align=00001  Fill=0000
    NULL              Offs=000000  Size=000000  Align=00001  Fill=0000
/media/js/29a565b2-0370-40e9-bddc-690a30787715/mega65/codeEnv/cc65/lib/c64.lib(incsp1.o):
    CODE              Offs=002CD4  Size=000007  Align=00001  Fill=0000
    RODATA            Offs=000435  Size=000000  Align=00001  Fill=0000
    BSS               Offs=000154  Size=000000  Align=00001  Fill=0000
    DATA              Offs=0000C9  Size=000000  Align=00001  Fill=0000
    ZEROPAGE          Offs=000000  Size=000000  Align=00001  Fill=0000
    NULL              Offs=000000  Size=000000  Align=00001  Fill=0000
/media/js/29a565b2-0370-40e9-bddc-690a30787715/mega65/codeEnv/cc65/lib/c64.lib(incsp2.o):
    CODE              Offs=002CDB  Size=000016  Align=00001  Fill=0000
    RODATA            Offs=000435  Size=000000  Align=00001  Fill=0000
    BSS               Offs=000154  Size=000000  Align=00001  Fill=0000
    DATA              Offs=0000C9  Size=000000  Align=00001  Fill=0000
    ZEROPAGE          Offs=000000  Size=000000  Align=00001  Fill=0000
    NULL              Offs=000000  Size=000000  Align=00001  Fill=0000
/media/js/29a565b2-0370-40e9-bddc-690a30787715/mega65/codeEnv/cc65/lib/c64.lib(incsp4.o):
    CODE              Offs=002CF1  Size=000005  Align=00001  Fill=0000
    RODATA            Offs=000435  Size=000000  Align=00001  Fill=0000
    BSS               Offs=000154  Size=000000  Align=00001  Fill=0000
    DATA              Offs=0000C9  Size=000000  Align=00001  Fill=0000
    ZEROPAGE          Offs=000000  Size=000000  Align=00001  Fill=0000
    NULL              Offs=000000  Size=000000  Align=00001  Fill=0000
/media/js/29a565b2-0370-40e9-bddc-690a30787715/mega65/codeEnv/cc65/lib/c64.lib(incsp5.o):
    CODE              Offs=002CF6  Size=000005  Align=00001  Fill=0000
    RODATA            Offs=000435  Size=000000  Align=00001  Fill=0000
    BSS               Offs=000154  Size=000000  Align=00001  Fill=0000
    DATA              Offs=0000C9  Size=000000  Align=00001  Fill=0000
    ZEROPAGE          Offs=000000  Size=000000  Align=00001  Fill=0000
    NULL              Offs=000000  Size=000000  Align=00001  Fill=0000
/media/js/29a565b2-0370-40e9-bddc-690a30787715/mega65/codeEnv/cc65/lib/c64.lib(incsp6.o):
    CODE              Offs=002CFB  Size=000005  Align=00001  Fill=0000
    RODATA            Offs=000435  Size=000000  Align=00001  Fill=0000
    BSS               Offs=000154  Size=000000  Align=00001  Fill=0000
    DATA              Offs=0000C9  Size=000000  Align=00001  Fill=0000
    ZEROPAGE          Offs=000000  Size=000000  Align=00001  Fill=0000
    NULL              Offs=000000  Size=000000  Align=00001  Fill=0000
/media/js/29a565b2-0370-40e9-bddc-690a30787715/mega65/codeEnv/cc65/lib/c64.lib(incsp7.o):
    CODE              Offs=002D00  Size=000005  Align=00001  Fill=0000
    RODATA            Offs=000435  Size=000000  Align=00001  Fill=0000
    BSS               Offs=000154  Size=000000  Align=00001  Fill=0000
    DATA              Offs=0000C9  Size=000000  Align=00001  Fill=0000
    ZEROPAGE          Offs=000000  Size=000000  Align=00001  Fill=0000
    NULL              Offs=000000  Size=000000  Align=00001  Fill=0000
/media/js/29a565b2-0370-40e9-bddc-690a30787715/mega65/codeEnv/cc65/lib/c64.lib(kbhit.o):
    CODE              Offs=002D05  Size=000009  Align=00001  Fill=0000
    RODATA            Offs=000435  Size=000000  Align=00001  Fill=0000
    BSS               Offs=000154  Size=000000  Align=00001  Fill=0000
    DATA              Offs=0000C9  Size=000000  Align=00001  Fill=0000
    ZEROPAGE          Offs=000000  Size=000000  Align=00001  Fill=0000
    NULL              Offs=000000  Size=000000  Align=00001  Fill=0000
/media/js/29a565b2-0370-40e9-bddc-690a30787715/mega65/codeEnv/cc65/lib/c64.lib(kernal.o):
    CODE              Offs=002D0E  Size=000000  Align=00001  Fill=0000
    RODATA            Offs=000435  Size=000000  Align=00001  Fill=0000
    BSS               Offs=000154  Size=000000  Align=00001  Fill=0000
    DATA              Offs=0000C9  Size=000000  Align=00001  Fill=0000
    ZEROPAGE          Offs=000000  Size=000000  Align=00001  Fill=0000
    NULL              Offs=000000  Size=000000  Align=00001  Fill=0000
/media/js/29a565b2-0370-40e9-bddc-690a30787715/mega65/codeEnv/cc65/lib/c64.lib(ladd.o):
    CODE              Offs=002D0E  Size=000025  Align=00001  Fill=0000
    RODATA            Offs=000435  Size=000000  Align=00001  Fill=0000
    BSS               Offs=000154  Size=000000  Align=00001  Fill=0000
    DATA              Offs=0000C9  Size=000000  Align=00001  Fill=0000
    ZEROPAGE          Offs=000000  Size=000000  Align=00001  Fill=0000
    NULL              Offs=000000  Size=000000  Align=00001  Fill=0000
/media/js/29a565b2-0370-40e9-bddc-690a30787715/mega65/codeEnv/cc65/lib/c64.lib(laddeq.o):
    CODE              Offs=002D33  Size=00002D  Align=00001  Fill=0000
    RODATA            Offs=000435  Size=000000  Align=00001  Fill=0000
    BSS               Offs=000154  Size=000000  Align=00001  Fill=0000
    DATA              Offs=0000C9  Size=000000  Align=00001  Fill=0000
    ZEROPAGE          Offs=000000  Size=000000  Align=00001  Fill=0000
    NULL              Offs=000000  Size=000000  Align=00001  Fill=0000
/media/js/29a565b2-0370-40e9-bddc-690a30787715/mega65/codeEnv/cc65/lib/c64.lib(laddeqsp.o):
    CODE              Offs=002D60  Size=000023  Align=00001  Fill=0000
    RODATA            Offs=000435  Size=000000  Align=00001  Fill=0000
    BSS               Offs=000154  Size=000000  Align=00001  Fill=0000
    DATA              Offs=0000C9  Size=000000  Align=00001  Fill=0000
    ZEROPAGE          Offs=000000  Size=000000  Align=00001  Fill=0000
    NULL              Offs=000000  Size=000000  Align=00001  Fill=0000
/media/js/29a565b2-0370-40e9-bddc-690a30787715/mega65/codeEnv/cc65/lib/c64.lib(land.o):
    CODE              Offs=002D83  Size=000024  Align=00001  Fill=0000
    RODATA            Offs=000435  Size=000000  Align=00001  Fill=0000
    BSS               Offs=000154  Size=000000  Align=00001  Fill=0000
    DATA              Offs=0000C9  Size=000000  Align=00001  Fill=0000
    ZEROPAGE          Offs=000000  Size=000000  Align=00001  Fill=0000
    NULL              Offs=000000  Size=000000  Align=00001  Fill=0000
/media/js/29a565b2-0370-40e9-bddc-690a30787715/mega65/codeEnv/cc65/lib/c64.lib(ldaxsp.o):
    CODE              Offs=002DA7  Size=000009  Align=00001  Fill=0000
    RODATA            Offs=000435  Size=000000  Align=00001  Fill=0000
    BSS               Offs=000154  Size=000000  Align=00001  Fill=0000
    DATA              Offs=0000C9  Size=000000  Align=00001  Fill=0000
    ZEROPAGE          Offs=000000  Size=000000  Align=00001  Fill=0000
    NULL              Offs=000000  Size=000000  Align=00001  Fill=0000
/media/js/29a565b2-0370-40e9-bddc-690a30787715/mega65/codeEnv/cc65/lib/c64.lib(ldeaxysp.o):
    CODE              Offs=002DB0  Size=000013  Align=00001  Fill=0000
    RODATA            Offs=000435  Size=000000  Align=00001  Fill=0000
    BSS               Offs=000154  Size=000000  Align=00001  Fill=0000
    DATA              Offs=0000C9  Size=000000  Align=00001  Fill=0000
    ZEROPAGE          Offs=000000  Size=000000  Align=00001  Fill=0000
    NULL              Offs=000000  Size=000000  Align=00001  Fill=0000
/media/js/29a565b2-0370-40e9-bddc-690a30787715/mega65/codeEnv/cc65/lib/c64.lib(ldec.o):
    CODE              Offs=002DC3  Size=000015  Align=00001  Fill=0000
    RODATA            Offs=000435  Size=000000  Align=00001  Fill=0000
    BSS               Offs=000154  Size=000000  Align=00001  Fill=0000
    DATA              Offs=0000C9  Size=000000  Align=00001  Fill=0000
    ZEROPAGE          Offs=000000  Size=000000  Align=00001  Fill=0000
    NULL              Offs=000000  Size=000000  Align=00001  Fill=0000
/media/js/29a565b2-0370-40e9-bddc-690a30787715/mega65/codeEnv/cc65/lib/c64.lib(linc.o):
    CODE              Offs=002DD8  Size=000011  Align=00001  Fill=0000
    RODATA            Offs=000435  Size=000000  Align=00001  Fill=0000
    BSS               Offs=000154  Size=000000  Align=00001  Fill=0000
    DATA              Offs=0000C9  Size=000000  Align=00001  Fill=0000
    ZEROPAGE          Offs=000000  Size=000000  Align=00001  Fill=0000
    NULL              Offs=000000  Size=000000  Align=00001  Fill=0000
/media/js/29a565b2-0370-40e9-bddc-690a30787715/mega65/codeEnv/cc65/lib/c64.lib(lneg.o):
    CODE              Offs=002DE9  Size=00001E  Align=00001  Fill=0000
    RODATA            Offs=000435  Size=000000  Align=00001  Fill=0000
    BSS               Offs=000154  Size=000000  Align=00001  Fill=0000
    DATA              Offs=0000C9  Size=000000  Align=00001  Fill=0000
    ZEROPAGE          Offs=000000  Size=000000  Align=00001  Fill=0000
    NULL              Offs=000000  Size=000000  Align=00001  Fill=0000
/media/js/29a565b2-0370-40e9-bddc-690a30787715/mega65/codeEnv/cc65/lib/c64.lib(loadaddr.o):
    CODE              Offs=002E07  Size=000000  Align=00001  Fill=0000
    RODATA            Offs=000435  Size=000000  Align=00001  Fill=0000
    BSS               Offs=000154  Size=000000  Align=00001  Fill=0000
    DATA              Offs=0000C9  Size=000000  Align=00001  Fill=0000
    ZEROPAGE          Offs=000000  Size=000000  Align=00001  Fill=0000
    NULL              Offs=000000  Size=000000  Align=00001  Fill=0000
    LOADADDR          Offs=000000  Size=000002  Align=00001  Fill=0000
/media/js/29a565b2-0370-40e9-bddc-690a30787715/mega65/codeEnv/cc65/lib/c64.lib(lpush.o):
    CODE              Offs=002E07  Size=000021  Align=00001  Fill=0000
    RODATA            Offs=000435  Size=000000  Align=00001  Fill=0000
    BSS               Offs=000154  Size=000000  Align=00001  Fill=0000
    DATA              Offs=0000C9  Size=000000  Align=00001  Fill=0000
    ZEROPAGE          Offs=000000  Size=000000  Align=00001  Fill=0000
    NULL              Offs=000000  Size=000000  Align=00001  Fill=0000
/media/js/29a565b2-0370-40e9-bddc-690a30787715/mega65/codeEnv/cc65/lib/c64.lib(lsave.o):
    CODE              Offs=002E28  Size=00001A  Align=00001  Fill=0000
    RODATA            Offs=000435  Size=000000  Align=00001  Fill=0000
    BSS               Offs=000154  Size=000000  Align=00001  Fill=0000
    DATA              Offs=0000C9  Size=000000  Align=00001  Fill=0000
    ZEROPAGE          Offs=000000  Size=000000  Align=00001  Fill=0000
    NULL              Offs=000000  Size=000000  Align=00001  Fill=0000
/media/js/29a565b2-0370-40e9-bddc-690a30787715/mega65/codeEnv/cc65/lib/c64.lib(lsub.o):
    CODE              Offs=002E42  Size=000027  Align=00001  Fill=0000
    RODATA            Offs=000435  Size=000000  Align=00001  Fill=0000
    BSS               Offs=000154  Size=000000  Align=00001  Fill=0000
    DATA              Offs=0000C9  Size=000000  Align=00001  Fill=0000
    ZEROPAGE          Offs=000000  Size=000000  Align=00001  Fill=0000
    NULL              Offs=000000  Size=000000  Align=00001  Fill=0000
/media/js/29a565b2-0370-40e9-bddc-690a30787715/mega65/codeEnv/cc65/lib/c64.lib(lsubeq.o):
    CODE              Offs=002E69  Size=000031  Align=00001  Fill=0000
    RODATA            Offs=000435  Size=000000  Align=00001  Fill=0000
    BSS               Offs=000154  Size=000000  Align=00001  Fill=0000
    DATA              Offs=0000C9  Size=000000  Align=00001  Fill=0000
    ZEROPAGE          Offs=000000  Size=000000  Align=00001  Fill=0000
    NULL              Offs=000000  Size=000000  Align=00001  Fill=0000
/media/js/29a565b2-0370-40e9-bddc-690a30787715/mega65/codeEnv/cc65/lib/c64.lib(lsubeqsp.o):
    CODE              Offs=002E9A  Size=000027  Align=00001  Fill=0000
    RODATA            Offs=000435  Size=000000  Align=00001  Fill=0000
    BSS               Offs=000154  Size=000000  Align=00001  Fill=0000
    DATA              Offs=0000C9  Size=000000  Align=00001  Fill=0000
    ZEROPAGE          Offs=000000  Size=000000  Align=00001  Fill=0000
    NULL              Offs=000000  Size=000000  Align=00001  Fill=0000
/media/js/29a565b2-0370-40e9-bddc-690a30787715/mega65/codeEnv/cc65/lib/c64.lib(ltoa.o):
    CODE              Offs=002EC1  Size=000095  Align=00001  Fill=0000
    RODATA            Offs=000435  Size=000000  Align=00001  Fill=0000
    BSS               Offs=000154  Size=000000  Align=00001  Fill=0000
    DATA              Offs=0000C9  Size=000000  Align=00001  Fill=0000
    ZEROPAGE          Offs=000000  Size=000000  Align=00001  Fill=0000
    NULL              Offs=000000  Size=000000  Align=00001  Fill=0000
/media/js/29a565b2-0370-40e9-bddc-690a30787715/mega65/codeEnv/cc65/lib/c64.lib(mul.o):
    CODE              Offs=002F56  Size=000045  Align=00001  Fill=0000
    RODATA            Offs=000435  Size=000000  Align=00001  Fill=0000
    BSS               Offs=000154  Size=000000  Align=00001  Fill=0000
    DATA              Offs=0000C9  Size=000000  Align=00001  Fill=0000
    ZEROPAGE          Offs=000000  Size=000000  Align=00001  Fill=0000
    NULL              Offs=000000  Size=000000  Align=00001  Fill=0000
/media/js/29a565b2-0370-40e9-bddc-690a30787715/mega65/codeEnv/cc65/lib/c64.lib(mul8.o):
    CODE              Offs=002F9B  Size=00003A  Align=00001  Fill=0000
    RODATA            Offs=000435  Size=000000  Align=00001  Fill=0000
    BSS               Offs=000154  Size=000000  Align=00001  Fill=0000
    DATA              Offs=0000C9  Size=000000  Align=00001  Fill=0000
    ZEROPAGE          Offs=000000  Size=000000  Align=00001  Fill=0000
    NULL              Offs=000000  Size=000000  Align=00001  Fill=0000
/media/js/29a565b2-0370-40e9-bddc-690a30787715/mega65/codeEnv/cc65/lib/c64.lib(mulax5.o):
    CODE              Offs=002FD5  Size=000014  Align=00001  Fill=0000
    RODATA            Offs=000435  Size=000000  Align=00001  Fill=0000
    BSS               Offs=000154  Size=000000  Align=00001  Fill=0000
    DATA              Offs=0000C9  Size=000000  Align=00001  Fill=0000
    ZEROPAGE          Offs=000000  Size=000000  Align=00001  Fill=0000
    NULL              Offs=000000  Size=000000  Align=00001  Fill=0000
/media/js/29a565b2-0370-40e9-bddc-690a30787715/mega65/codeEnv/cc65/lib/c64.lib(mulax7.o):
    CODE              Offs=002FE9  Size=000019  Align=00001  Fill=0000
    RODATA            Offs=000435  Size=000000  Align=00001  Fill=0000
    BSS               Offs=000154  Size=000000  Align=00001  Fill=0000
    DATA              Offs=0000C9  Size=000000  Align=00001  Fill=0000
    ZEROPAGE          Offs=000000  Size=000000  Align=00001  Fill=0000
    NULL              Offs=000000  Size=000000  Align=00001  Fill=0000
/media/js/29a565b2-0370-40e9-bddc-690a30787715/mega65/codeEnv/cc65/lib/c64.lib(or.o):
    CODE              Offs=003002  Size=000012  Align=00001  Fill=0000
    RODATA            Offs=000435  Size=000000  Align=00001  Fill=0000
    BSS               Offs=000154  Size=000000  Align=00001  Fill=0000
    DATA              Offs=0000C9  Size=000000  Align=00001  Fill=0000
    ZEROPAGE          Offs=000000  Size=000000  Align=00001  Fill=0000
    NULL              Offs=000000  Size=000000  Align=00001  Fill=0000
/media/js/29a565b2-0370-40e9-bddc-690a30787715/mega65/codeEnv/cc65/lib/c64.lib(oserror.o):
    CODE              Offs=003014  Size=000016  Align=00001  Fill=0000
    RODATA            Offs=000435  Size=00005A  Align=00001  Fill=0000
    BSS               Offs=000154  Size=000000  Align=00001  Fill=0000
    DATA              Offs=0000C9  Size=000000  Align=00001  Fill=0000
    ZEROPAGE          Offs=000000  Size=000000  Align=00001  Fill=0000
    NULL              Offs=000000  Size=000000  Align=00001  Fill=0000
/media/js/29a565b2-0370-40e9-bddc-690a30787715/mega65/codeEnv/cc65/lib/c64.lib(popptr1.o):
    CODE              Offs=00302A  Size=00000E  Align=00001  Fill=0000
    RODATA            Offs=00048F  Size=000000  Align=00001  Fill=0000
    BSS               Offs=000154  Size=000000  Align=00001  Fill=0000
    DATA              Offs=0000C9  Size=000000  Align=00001  Fill=0000
    ZEROPAGE          Offs=000000  Size=000000  Align=00001  Fill=0000
    NULL              Offs=000000  Size=000000  Align=00001  Fill=0000
/media/js/29a565b2-0370-40e9-bddc-690a30787715/mega65/codeEnv/cc65/lib/c64.lib(printf.o):
    CODE              Offs=003038  Size=000033  Align=00001  Fill=0000
    RODATA            Offs=00048F  Size=000000  Align=00001  Fill=0000
    BSS               Offs=000154  Size=000001  Align=00001  Fill=0000
    DATA              Offs=0000C9  Size=000000  Align=00001  Fill=0000
    ZEROPAGE          Offs=000000  Size=000000  Align=00001  Fill=0000
    NULL              Offs=000000  Size=000000  Align=00001  Fill=0000
/media/js/29a565b2-0370-40e9-bddc-690a30787715/mega65/codeEnv/cc65/lib/c64.lib(push1.o):
    CODE              Offs=00306B  Size=000005  Align=00001  Fill=0000
    RODATA            Offs=00048F  Size=000000  Align=00001  Fill=0000
    BSS               Offs=000155  Size=000000  Align=00001  Fill=0000
    DATA              Offs=0000C9  Size=000000  Align=00001  Fill=0000
    ZEROPAGE          Offs=000000  Size=000000  Align=00001  Fill=0000
    NULL              Offs=000000  Size=000000  Align=00001  Fill=0000
/media/js/29a565b2-0370-40e9-bddc-690a30787715/mega65/codeEnv/cc65/lib/c64.lib(pusha.o):
    CODE              Offs=003070  Size=000016  Align=00001  Fill=0000
    RODATA            Offs=00048F  Size=000000  Align=00001  Fill=0000
    BSS               Offs=000155  Size=000000  Align=00001  Fill=0000
    DATA              Offs=0000C9  Size=000000  Align=00001  Fill=0000
    ZEROPAGE          Offs=000000  Size=000000  Align=00001  Fill=0000
    NULL              Offs=000000  Size=000000  Align=00001  Fill=0000
/media/js/29a565b2-0370-40e9-bddc-690a30787715/mega65/codeEnv/cc65/lib/c64.lib(pushax.o):
    CODE              Offs=003086  Size=00001A  Align=00001  Fill=0000
    RODATA            Offs=00048F  Size=000000  Align=00001  Fill=0000
    BSS               Offs=000155  Size=000000  Align=00001  Fill=0000
    DATA              Offs=0000C9  Size=000000  Align=00001  Fill=0000
    ZEROPAGE          Offs=000000  Size=000000  Align=00001  Fill=0000
    NULL              Offs=000000  Size=000000  Align=00001  Fill=0000
/media/js/29a565b2-0370-40e9-bddc-690a30787715/mega65/codeEnv/cc65/lib/c64.lib(pushwsp.o):
    CODE              Offs=0030A0  Size=00001C  Align=00001  Fill=0000
    RODATA            Offs=00048F  Size=000000  Align=00001  Fill=0000
    BSS               Offs=000155  Size=000000  Align=00001  Fill=0000
    DATA              Offs=0000C9  Size=000000  Align=00001  Fill=0000
    ZEROPAGE          Offs=000000  Size=000000  Align=00001  Fill=0000
    NULL              Offs=000000  Size=000000  Align=00001  Fill=0000
/media/js/29a565b2-0370-40e9-bddc-690a30787715/mega65/codeEnv/cc65/lib/c64.lib(rwcommon.o):
    CODE              Offs=0030BC  Size=00001C  Align=00001  Fill=0000
    RODATA            Offs=00048F  Size=000000  Align=00001  Fill=0000
    BSS               Offs=000155  Size=000000  Align=00001  Fill=0000
    DATA              Offs=0000C9  Size=000000  Align=00001  Fill=0000
    ZEROPAGE          Offs=000000  Size=000000  Align=00001  Fill=0000
    NULL              Offs=000000  Size=000000  Align=00001  Fill=0000
/media/js/29a565b2-0370-40e9-bddc-690a30787715/mega65/codeEnv/cc65/lib/c64.lib(shrax1.o):
    CODE              Offs=0030D8  Size=000008  Align=00001  Fill=0000
    RODATA            Offs=00048F  Size=000000  Align=00001  Fill=0000
    BSS               Offs=000155  Size=000000  Align=00001  Fill=0000
    DATA              Offs=0000C9  Size=000000  Align=00001  Fill=0000
    ZEROPAGE          Offs=000000  Size=000000  Align=00001  Fill=0000
    NULL              Offs=000000  Size=000000  Align=00001  Fill=0000
/media/js/29a565b2-0370-40e9-bddc-690a30787715/mega65/codeEnv/cc65/lib/c64.lib(staspidx.o):
    CODE              Offs=0030E0  Size=000016  Align=00001  Fill=0000
    RODATA            Offs=00048F  Size=000000  Align=00001  Fill=0000
    BSS               Offs=000155  Size=000000  Align=00001  Fill=0000
    DATA              Offs=0000C9  Size=000000  Align=00001  Fill=0000
    ZEROPAGE          Offs=000000  Size=000000  Align=00001  Fill=0000
    NULL              Offs=000000  Size=000000  Align=00001  Fill=0000
/media/js/29a565b2-0370-40e9-bddc-690a30787715/mega65/codeEnv/cc65/lib/c64.lib(status.o):
    CODE              Offs=0030F6  Size=000000  Align=00001  Fill=0000
    RODATA            Offs=00048F  Size=000000  Align=00001  Fill=0000
    BSS               Offs=000155  Size=000000  Align=00001  Fill=0000
    DATA              Offs=0000C9  Size=000000  Align=00001  Fill=0000
    ZEROPAGE          Offs=000000  Size=000000  Align=00001  Fill=0000
    NULL              Offs=000000  Size=000000  Align=00001  Fill=0000
/media/js/29a565b2-0370-40e9-bddc-690a30787715/mega65/codeEnv/cc65/lib/c64.lib(staxsp.o):
    CODE              Offs=0030F6  Size=00000B  Align=00001  Fill=0000
    RODATA            Offs=00048F  Size=000000  Align=00001  Fill=0000
    BSS               Offs=000155  Size=000000  Align=00001  Fill=0000
    DATA              Offs=0000C9  Size=000000  Align=00001  Fill=0000
    ZEROPAGE          Offs=000000  Size=000000  Align=00001  Fill=0000
    NULL              Offs=000000  Size=000000  Align=00001  Fill=0000
/media/js/29a565b2-0370-40e9-bddc-690a30787715/mega65/codeEnv/cc65/lib/c64.lib(steaxsp.o):
    CODE              Offs=003101  Size=000015  Align=00001  Fill=0000
    RODATA            Offs=00048F  Size=000000  Align=00001  Fill=0000
    BSS               Offs=000155  Size=000000  Align=00001  Fill=0000
    DATA              Offs=0000C9  Size=000000  Align=00001  Fill=0000
    ZEROPAGE          Offs=000000  Size=000000  Align=00001  Fill=0000
    NULL              Offs=000000  Size=000000  Align=00001  Fill=0000
/media/js/29a565b2-0370-40e9-bddc-690a30787715/mega65/codeEnv/cc65/lib/c64.lib(strlen.o):
    CODE              Offs=003116  Size=000016  Align=00001  Fill=0000
    RODATA            Offs=00048F  Size=000000  Align=00001  Fill=0000
    BSS               Offs=000155  Size=000000  Align=00001  Fill=0000
    DATA              Offs=0000C9  Size=000000  Align=00001  Fill=0000
    ZEROPAGE          Offs=000000  Size=000000  Align=00001  Fill=0000
    NULL              Offs=000000  Size=000000  Align=00001  Fill=0000
/media/js/29a565b2-0370-40e9-bddc-690a30787715/mega65/codeEnv/cc65/lib/c64.lib(strlower.o):
    CODE              Offs=00312C  Size=000028  Align=00001  Fill=0000
    RODATA            Offs=00048F  Size=000000  Align=00001  Fill=0000
    BSS               Offs=000155  Size=000000  Align=00001  Fill=0000
    DATA              Offs=0000C9  Size=000000  Align=00001  Fill=0000
    ZEROPAGE          Offs=000000  Size=000000  Align=00001  Fill=0000
    NULL              Offs=000000  Size=000000  Align=00001  Fill=0000
/media/js/29a565b2-0370-40e9-bddc-690a30787715/mega65/codeEnv/cc65/lib/c64.lib(subysp.o):
    CODE              Offs=003154  Size=00000D  Align=00001  Fill=0000
    RODATA            Offs=00048F  Size=000000  Align=00001  Fill=0000
    BSS               Offs=000155  Size=000000  Align=00001  Fill=0000
    DATA              Offs=0000C9  Size=000000  Align=00001  Fill=0000
    ZEROPAGE          Offs=000000  Size=000000  Align=00001  Fill=0000
    NULL              Offs=000000  Size=000000  Align=00001  Fill=0000
/media/js/29a565b2-0370-40e9-bddc-690a30787715/mega65/codeEnv/cc65/lib/c64.lib(toslong.o):
    CODE              Offs=003161  Size=000038  Align=00001  Fill=0000
    RODATA            Offs=00048F  Size=000000  Align=00001  Fill=0000
    BSS               Offs=000155  Size=000000  Align=00001  Fill=0000
    DATA              Offs=0000C9  Size=000000  Align=00001  Fill=0000
    ZEROPAGE          Offs=000000  Size=000000  Align=00001  Fill=0000
    NULL              Offs=000000  Size=000000  Align=00001  Fill=0000
/media/js/29a565b2-0370-40e9-bddc-690a30787715/mega65/codeEnv/cc65/lib/c64.lib(udiv.o):
    CODE              Offs=003199  Size=00004F  Align=00001  Fill=0000
    RODATA            Offs=00048F  Size=000000  Align=00001  Fill=0000
    BSS               Offs=000155  Size=000000  Align=00001  Fill=0000
    DATA              Offs=0000C9  Size=000000  Align=00001  Fill=0000
    ZEROPAGE          Offs=000000  Size=000000  Align=00001  Fill=0000
    NULL              Offs=000000  Size=000000  Align=00001  Fill=0000
/media/js/29a565b2-0370-40e9-bddc-690a30787715/mega65/codeEnv/cc65/lib/c64.lib(umod.o):
    CODE              Offs=0031E8  Size=000011  Align=00001  Fill=0000
    RODATA            Offs=00048F  Size=000000  Align=00001  Fill=0000
    BSS               Offs=000155  Size=000000  Align=00001  Fill=0000
    DATA              Offs=0000C9  Size=000000  Align=00001  Fill=0000
    ZEROPAGE          Offs=000000  Size=000000  Align=00001  Fill=0000
    NULL              Offs=000000  Size=000000  Align=00001  Fill=0000
/media/js/29a565b2-0370-40e9-bddc-690a30787715/mega65/codeEnv/cc65/lib/c64.lib(vfprintf.o):
    CODE              Offs=0031F9  Size=000061  Align=00001  Fill=0000
    RODATA            Offs=00048F  Size=000000  Align=00001  Fill=0000
    BSS               Offs=000155  Size=000000  Align=00001  Fill=0000
    DATA              Offs=0000C9  Size=000008  Align=00001  Fill=0000
    ZEROPAGE          Offs=000000  Size=000000  Align=00001  Fill=0000
    NULL              Offs=000000  Size=000000  Align=00001  Fill=0000
/media/js/29a565b2-0370-40e9-bddc-690a30787715/mega65/codeEnv/cc65/lib/c64.lib(write.o):
    CODE              Offs=00325A  Size=000054  Align=00001  Fill=0000
    RODATA            Offs=00048F  Size=000000  Align=00001  Fill=0000
    BSS               Offs=000155  Size=000000  Align=00001  Fill=0000
    DATA              Offs=0000D1  Size=000000  Align=00001  Fill=0000
    ZEROPAGE          Offs=000000  Size=000000  Align=00001  Fill=0000
    NULL              Offs=000000  Size=000000  Align=00001  Fill=0000
    ONCE              Offs=000026  Size=000011  Align=00001  Fill=0000
/media/js/29a565b2-0370-40e9-bddc-690a30787715/mega65/codeEnv/cc65/lib/c64.lib(zerobss.o):
    CODE              Offs=0032AE  Size=000023  Align=00001  Fill=0000
    RODATA            Offs=00048F  Size=000000  Align=00001  Fill=0000
    BSS               Offs=000155  Size=000000  Align=00001  Fill=0000
    DATA              Offs=0000D1  Size=000000  Align=00001  Fill=0000
    ZEROPAGE          Offs=000000  Size=000000  Align=00001  Fill=0000
    NULL              Offs=000000  Size=000000  Align=00001  Fill=0000
/media/js/29a565b2-0370-40e9-bddc-690a30787715/mega65/codeEnv/cc65/lib/c64.lib(zeropage.o):
    CODE              Offs=0032D1  Size=000000  Align=00001  Fill=0000
    RODATA            Offs=00048F  Size=000000  Align=00001  Fill=0000
    BSS               Offs=000155  Size=000000  Align=00001  Fill=0000
    DATA              Offs=0000D1  Size=000000  Align=00001  Fill=0000
    ZEROPAGE          Offs=000000  Size=00001A  Align=00001  Fill=0000
    NULL              Offs=000000  Size=000000  Align=00001  Fill=0000


Segment list:
-------------
Name                   Start     End    Size  Align
----------------------------------------------------
NULL                  000000  000000  000000  00001
ZEROPAGE              000002  00001B  00001A  00001
LOADADDR              0007FF  000800  000002  00001
EXEHDR                000801  00080C  00000C  00001
STARTUP               00080D  00083F  000033  00001
CODE                  000840  003B10  0032D1  00001
RODATA                003B11  003F9F  00048F  00001
DATA                  003FA0  004070  0000D1  00001
INIT                  004071  00408C  00001C  00001
BSS                   00408D  0041E1  000155  00001
ONCE                  00408D  0040C5  000039  00001


Exports list by name:
---------------------
ACPTR                     00FFA5  EA    BASIN                     00FFCF  EA    
BSOUT                     00FFD2 REA    CHKIN                     00FFC6  EA    
CINT                      00FF81  EA    CIOUT                     00FFA8  EA    
CKOUT                     00FFC9 REA    CLALL                     00FFE7  EA    
CLOSE                     00FFC3  EA    CLRCH                     00FFCC REA    
GETIN                     00FFE4  EA    IOBASE                    00FFF3  EA    
IOINIT                    00FF84  EA    LISTEN                    00FFB1  EA    
LOAD                      00FFD5  EA    MEMBOT                    00FF9C  EA    
MEMTOP                    00FF99  EA    OPEN                      00FFC0 REA    
RAMTAS                    00FF87  EA    RDTIM                     00FFDE  EA    
READST                    00FFB7 REA    RESTOR                    00FF8A  EA    
SAVE                      00FFD8  EA    SCNKEY                    00FF9F  EA    
SCREEN                    00FFED  EA    SECOND                    00FF93  EA    
SETLFS                    00FFBA REA    SETMSG                    00FF90  EA    
SETNAM                    00FFBD  EA    SETTIM                    00FFDB  EA    
SETTMO                    00FFA2  EA    ST                        000090 RLZ    
STOP                      00FFE1  EA    TALK                      00FFB4  EA    
TKSA                      00FF96  EA    UDTIM                     00FFEA  EA    
UNLSN                     00FFAE  EA    UNTLK                     00FFAB  EA    
VECTOR                    00FF8D  EA    __BSS_LOAD__              00408D  LA    
__BSS_RUN__               00408D RLA    __BSS_SIZE__              000155 REA    
__CONSTRUCTOR_COUNT__     000001 REA    __CONSTRUCTOR_TABLE__     0040C4 RLA    
__DESTRUCTOR_COUNT__      000000 REA    __DESTRUCTOR_TABLE__      003FA0 RLA    
__EXEHDR__                000001 REA    __HEADER_FILEOFFS__       000002  EA    
__HEADER_LAST__           00080D RLA    __HEADER_SIZE__           00000D  EA    
__HEADER_START__          000801  LA    __HIMEM__                 00D000 REA    
__LOADADDR__              000001 REA    __MAIN_FILEOFFS__         00000E  EA    
__MAIN_LAST__             0040C6  LA    __MAIN_SIZE__             00C7F3 REA    
__MAIN_START__            00080D RLA    __ONCE_LOAD__             00408D  LA    
__ONCE_RUN__              00408D RLA    __ONCE_SIZE__             000039  EA    
__STACKSIZE__             000800 REA    __STARTUP__               000001 REA    
__ZP_FILEOFFS__           000000  EA    __ZP_LAST__               00001C  LA    
__ZP_SIZE__               00001A  EA    __ZP_START__              000002  LA    
__argc                    004030  LA    __argv                    004032  LA    
__ctype                   003E46 RLA    __directerrno             002F89 RLA    
__errno                   0041DD RLA    __filetab                 00400F  LA    
__hextab                  003E2A RLA    __longminstr              003E3A RLA    
__mappederrno             002F93 RLA    __oserror                 0041B1 RLA    
__osmaperrno              003854 RLA    __printf                  003096 RLA    
__seterrno                003348 RLA    _addr                     0041AB  LA    
_carry                    0041A7  LA    _cgetc                    0033E1 RLA    
_charset                  002747 RLA    _clearScreen              000E10  LA    
_displayText              000E5E RLA    _display_footer           001CED  LA    
_dma_byte                 00419E  LA    _dmalist                  00418C  LA    
_do_dma                   001C10  LA    _exit                     000825  LA    
_fatal_error              002652  LA    _footer_messages          003FA6  LA    
_format_decimal           002536  LA    _format_hex               002599  LA    
_fwrite                   003499 RLA    _i                        0041AF  LA    
_ii                       0041A5  LA    _j                        0041A6  LA    
_kbhit                    003545 RLA    _layout                   000F11 RLA    
_lcopy                    001A78 RLA    _lfill                    001B71 RLA    
_lpeek                    001999 RLA    _lpoke                    001A06 RLA    
_ltoa                     003719 RLA    _m65_io_enable            00198A RLA    
_main                     0008CB RLA    _mega65_fast              002709 RLA    
_modem_line               00408D  LA    _modem_line_len           003FA0  LA    
_panel                    001709 RLA    _poll_modem               00088C  LA    
_printf                   003878 RLA    _process_modem_line       000879  LA    
_prop_m65u_name           00400D  LA    _read_line                002216  LA    
_recolour_last_line       0021C3  LA    _rectangle                0014AC RLA    
_screen_colour_line       001D66  LA    _screen_column            003FA5  LA    
_screen_decimal           001EF8  LA    _screen_decimal_digits    003FBC  LA    
_screen_hex               001D9E  LA    _screen_hex_buffer        00419F  LA    
_screen_hex_byte          001EC2  LA    _screen_hex_digits        003FAC  LA    
_screen_line_address      003FA1  LA    _sdhc_card                00400C  LA    
_set_screen_attributes    002023  LA    _setupSerial              000840  LA    
_setup_screen             001C24 RLA    _stderr                   00402B  LA    
_stdin                    004027  LA    _stdout                   004029 RLA    
_strlen                   003956 RLA    _strlower                 00396C RLA    
_strlwr                   00396C  LA    _temp                     0041A8  LA    
_to_screen_hex            0026F0  LA    _ultoa                    00375A RLA    
_usleep                   00270E  LA    _value                    0041A9  LA    
_vfprintf                 003A71 RLA    _write                    003A9A RLA    
_write_line               002080  LA    _write_modem              00084E  LA    
addeq0sp                  00336D  LA    addeqysp                  00336F RLA    
addysp                    00337F RLA    addysp1                   00337E RLA    
aslax2                    00338C RLA    aslax4                    003397 RLA    
asreax4                   0033A8 RLA    axlong                    0033BD RLA    
axulong                   0033C3 RLA    callmain                  0033CA RLA    
condes                    004034  LA    cursor                    0041B0 RLA    
deceaxy                   003603 RLA    decsp1                    003434 RLA    
decsp2                    00343D RLA    decsp4                    00344A RLA    
decsp5                    003457 RLA    decsp6                    003464 RLA    
decsp7                    003471 RLA    decsp8                    00347E RLA    
donelib                   003428 RLA    fdtab                     004059 RLA    
freefd                    00348B  LA    inceaxy                   003618 RLA    
incsp1                    003514 RLA    incsp2                    003523 RLA    
incsp4                    003531 RLA    incsp5                    003536 RLA    
incsp6                    00353B RLA    incsp7                    003540 RLA    
initlib                   00408D RLA    initstdout                0040B3  LAI   
laddeq                    00357B  LA    laddeq0sp                 0035A0 RLA    
laddeq1                   003573  LA    laddeqa                   003575 RLA    
laddeqysp                 0035A2  LA    ldax0sp                   0035E7  LA    
ldaxysp                   0035E9 RLA    ldeax0sp                  0035F0 RLA    
ldeaxysp                  0035F2 RLA    lsubeq                    0036B1  LA    
lsubeq0sp                 0036DA  LA    lsubeq1                   0036A9  LA    
lsubeqa                   0036AB RLA    lsubeqysp                 0036DC RLA    
mul8x16                   0037DD RLA    mul8x16a                  0037E7 RLA    
mulax5                    003815 RLA    mulax7                    003829 RLA    
negeax                    003629 RLA    popax                     00351B RLA    
popptr1                   00386A RLA    ptr1                      00000A RLZ    
ptr2                      00000C RLZ    ptr3                      00000E RLZ    
ptr4                      000010 RLZ    push0                     0038C6 RLA    
push0ax                   00364A RLA    push1                     0038AB RLA    
pusha                     0038B4 RLA    pusha0                    0038C8 RLA    
pusha0sp                  0038B0  LA    pushax                    0038CA RLA    
pushaysp                  0038B2  LA    pusheax                   003650 RLA    
pushl0                    003647  LA    pushw0sp                  0038E0  LA    
pushwysp                  0038E2 RLA    regbank                   000016 RLZ    
regsave                   000006 RLZ    resteax                   003675 RLA    
rwcommon                  0038FC RLA    saveeax                   003668 RLA    
shlax2                    00338C RLA    shlax4                    003397 RLA    
shrax1                    003918 RLA    sp                        000002 RLZ    
sreg                      000004 RLZ    staspidx                  003920 RLA    
stax0sp                   003936 RLA    staxysp                   003938 RLA    
steax0sp                  003941 RLA    steaxysp                  003943 RLA    
subysp                    003994 RLA    tmp1                      000012 RLZ    
tmp2                      000013 RLZ    tmp3                      000014  LZ    
tmp4                      000015  LZ    tosadd0ax                 00354E RLA    
tosadda0                  003351 RLA    tosaddax                  003353  LA    
tosaddeax                 003554 RLA    tosand0ax                 0035C3 RLA    
tosandeax                 0035C9  LA    toslong                   0039BF  LA    
tosmula0                  0037DB RLA    tosmulax                  003796  LA    
tosora0                   003842 RLA    tosorax                   003844  LA    
tossub0ax                 003682 RLA    tossubeax                 003688  LA    
tosudiva0                 0039D9 RLA    tosudivax                 0039DB RLA    
tosulong                  0039A1 RLA    tosumoda0                 003A28 RLA    
tosumodax                 003A2A  LA    tosumula0                 0037DB  LA    
tosumulax                 003796 RLA    udiv16                    0039EA RLA    
unittab                   004061  LA    zerobss                   003AEE RLA    



Exports list by value:
----------------------
__DESTRUCTOR_COUNT__      000000 REA    __ZP_FILEOFFS__           000000  EA    
__CONSTRUCTOR_COUNT__     000001 REA    __EXEHDR__                000001 REA    
__LOADADDR__              000001 REA    __STARTUP__               000001 REA    
__HEADER_FILEOFFS__       000002  EA    __ZP_START__              000002  LA    
sp                        000002 RLZ    sreg                      000004 RLZ    
regsave                   000006 RLZ    ptr1                      00000A RLZ    
ptr2                      00000C RLZ    __HEADER_SIZE__           00000D  EA    
__MAIN_FILEOFFS__         00000E  EA    ptr3                      00000E RLZ    
ptr4                      000010 RLZ    tmp1                      000012 RLZ    
tmp2                      000013 RLZ    tmp3                      000014  LZ    
tmp4                      000015  LZ    regbank                   000016 RLZ    
__ZP_SIZE__               00001A  EA    __ZP_LAST__               00001C  LA    
__ONCE_SIZE__             000039  EA    ST                        000090 RLZ    
__BSS_SIZE__              000155 REA    __STACKSIZE__             000800 REA    
__HEADER_START__          000801  LA    __HEADER_LAST__           00080D RLA    
__MAIN_START__            00080D RLA    _exit                     000825  LA    
_setupSerial              000840  LA    _write_modem              00084E  LA    
_process_modem_line       000879  LA    _poll_modem               00088C  LA    
_main                     0008CB RLA    _clearScreen              000E10  LA    
_displayText              000E5E RLA    _layout                   000F11 RLA    
_rectangle                0014AC RLA    _panel                    001709 RLA    
_m65_io_enable            00198A RLA    _lpeek                    001999 RLA    
_lpoke                    001A06 RLA    _lcopy                    001A78 RLA    
_lfill                    001B71 RLA    _do_dma                   001C10  LA    
_setup_screen             001C24 RLA    _display_footer           001CED  LA    
_screen_colour_line       001D66  LA    _screen_hex               001D9E  LA    
_screen_hex_byte          001EC2  LA    _screen_decimal           001EF8  LA    
_set_screen_attributes    002023  LA    _write_line               002080  LA    
_recolour_last_line       0021C3  LA    _read_line                002216  LA    
_format_decimal           002536  LA    _format_hex               002599  LA    
_fatal_error              002652  LA    _to_screen_hex            0026F0  LA    
_mega65_fast              002709 RLA    _usleep                   00270E  LA    
_charset                  002747 RLA    __directerrno             002F89 RLA    
__mappederrno             002F93 RLA    __printf                  003096 RLA    
__seterrno                003348 RLA    tosadda0                  003351 RLA    
tosaddax                  003353  LA    addeq0sp                  00336D  LA    
addeqysp                  00336F RLA    addysp1                   00337E RLA    
addysp                    00337F RLA    aslax2                    00338C RLA    
shlax2                    00338C RLA    aslax4                    003397 RLA    
shlax4                    003397 RLA    asreax4                   0033A8 RLA    
axlong                    0033BD RLA    axulong                   0033C3 RLA    
callmain                  0033CA RLA    _cgetc                    0033E1 RLA    
donelib                   003428 RLA    decsp1                    003434 RLA    
decsp2                    00343D RLA    decsp4                    00344A RLA    
decsp5                    003457 RLA    decsp6                    003464 RLA    
decsp7                    003471 RLA    decsp8                    00347E RLA    
freefd                    00348B  LA    _fwrite                   003499 RLA    
incsp1                    003514 RLA    popax                     00351B RLA    
incsp2                    003523 RLA    incsp4                    003531 RLA    
incsp5                    003536 RLA    incsp6                    00353B RLA    
incsp7                    003540 RLA    _kbhit                    003545 RLA    
tosadd0ax                 00354E RLA    tosaddeax                 003554 RLA    
laddeq1                   003573  LA    laddeqa                   003575 RLA    
laddeq                    00357B  LA    laddeq0sp                 0035A0 RLA    
laddeqysp                 0035A2  LA    tosand0ax                 0035C3 RLA    
tosandeax                 0035C9  LA    ldax0sp                   0035E7  LA    
ldaxysp                   0035E9 RLA    ldeax0sp                  0035F0 RLA    
ldeaxysp                  0035F2 RLA    deceaxy                   003603 RLA    
inceaxy                   003618 RLA    negeax                    003629 RLA    
pushl0                    003647  LA    push0ax                   00364A RLA    
pusheax                   003650 RLA    saveeax                   003668 RLA    
resteax                   003675 RLA    tossub0ax                 003682 RLA    
tossubeax                 003688  LA    lsubeq1                   0036A9  LA    
lsubeqa                   0036AB RLA    lsubeq                    0036B1  LA    
lsubeq0sp                 0036DA  LA    lsubeqysp                 0036DC RLA    
_ltoa                     003719 RLA    _ultoa                    00375A RLA    
tosmulax                  003796  LA    tosumulax                 003796 RLA    
tosmula0                  0037DB RLA    tosumula0                 0037DB  LA    
mul8x16                   0037DD RLA    mul8x16a                  0037E7 RLA    
mulax5                    003815 RLA    mulax7                    003829 RLA    
tosora0                   003842 RLA    tosorax                   003844  LA    
__osmaperrno              003854 RLA    popptr1                   00386A RLA    
_printf                   003878 RLA    push1                     0038AB RLA    
pusha0sp                  0038B0  LA    pushaysp                  0038B2  LA    
pusha                     0038B4 RLA    push0                     0038C6 RLA    
pusha0                    0038C8 RLA    pushax                    0038CA RLA    
pushw0sp                  0038E0  LA    pushwysp                  0038E2 RLA    
rwcommon                  0038FC RLA    shrax1                    003918 RLA    
staspidx                  003920 RLA    stax0sp                   003936 RLA    
staxysp                   003938 RLA    steax0sp                  003941 RLA    
steaxysp                  003943 RLA    _strlen                   003956 RLA    
_strlower                 00396C RLA    _strlwr                   00396C  LA    
subysp                    003994 RLA    tosulong                  0039A1 RLA    
toslong                   0039BF  LA    tosudiva0                 0039D9 RLA    
tosudivax                 0039DB RLA    udiv16                    0039EA RLA    
tosumoda0                 003A28 RLA    tosumodax                 003A2A  LA    
_vfprintf                 003A71 RLA    _write                    003A9A RLA    
zerobss                   003AEE RLA    __hextab                  003E2A RLA    
__longminstr              003E3A RLA    __ctype                   003E46 RLA    
__DESTRUCTOR_TABLE__      003FA0 RLA    _modem_line_len           003FA0  LA    
_screen_line_address      003FA1  LA    _screen_column            003FA5  LA    
_footer_messages          003FA6  LA    _screen_hex_digits        003FAC  LA    
_screen_decimal_digits    003FBC  LA    _sdhc_card                00400C  LA    
_prop_m65u_name           00400D  LA    __filetab                 00400F  LA    
_stdin                    004027  LA    _stdout                   004029 RLA    
_stderr                   00402B  LA    __argc                    004030  LA    
__argv                    004032  LA    condes                    004034  LA    
fdtab                     004059 RLA    unittab                   004061  LA    
__BSS_LOAD__              00408D  LA    __BSS_RUN__               00408D RLA    
__ONCE_LOAD__             00408D  LA    __ONCE_RUN__              00408D RLA    
_modem_line               00408D  LA    initlib                   00408D RLA    
initstdout                0040B3  LAI   __CONSTRUCTOR_TABLE__     0040C4 RLA    
__MAIN_LAST__             0040C6  LA    _dmalist                  00418C  LA    
_dma_byte                 00419E  LA    _screen_hex_buffer        00419F  LA    
_ii                       0041A5  LA    _j                        0041A6  LA    
_carry                    0041A7  LA    _temp                     0041A8  LA    
_value                    0041A9  LA    _addr                     0041AB  LA    
_i                        0041AF  LA    cursor                    0041B0 RLA    
__oserror                 0041B1 RLA    __errno                   0041DD RLA    
__MAIN_SIZE__             00C7F3 REA    __HIMEM__                 00D000 REA    
CINT                      00FF81  EA    IOINIT                    00FF84  EA    
RAMTAS                    00FF87  EA    RESTOR                    00FF8A  EA    
VECTOR                    00FF8D  EA    SETMSG                    00FF90  EA    
SECOND                    00FF93  EA    TKSA                      00FF96  EA    
MEMTOP                    00FF99  EA    MEMBOT                    00FF9C  EA    
SCNKEY                    00FF9F  EA    SETTMO                    00FFA2  EA    
ACPTR                     00FFA5  EA    CIOUT                     00FFA8  EA    
UNTLK                     00FFAB  EA    UNLSN                     00FFAE  EA    
LISTEN                    00FFB1  EA    TALK                      00FFB4  EA    
READST                    00FFB7 REA    SETLFS                    00FFBA REA    
SETNAM                    00FFBD  EA    OPEN                      00FFC0 REA    
CLOSE                     00FFC3  EA    CHKIN                     00FFC6  EA    
CKOUT                     00FFC9 REA    CLRCH                     00FFCC REA    
BASIN                     00FFCF  EA    BSOUT                     00FFD2 REA    
LOAD                      00FFD5  EA    SAVE                      00FFD8  EA    
SETTIM                    00FFDB  EA    RDTIM                     00FFDE  EA    
STOP                      00FFE1  EA    GETIN                     00FFE4  EA    
CLALL                     00FFE7  EA    UDTIM                     00FFEA  EA    
SCREEN                    00FFED  EA    IOBASE                    00FFF3  EA    



Imports list:
-------------
ACPTR (kernal.o):
BASIN (kernal.o):
BSOUT (kernal.o):
    write.o                   cbm/write.s(10)
    crt0.o                    c64/crt0.s(10)
CHKIN (kernal.o):
CINT (kernal.o):
CIOUT (kernal.o):
CKOUT (kernal.o):
    write.o                   cbm/write.s(10)
CLALL (kernal.o):
CLOSE (kernal.o):
CLRCH (kernal.o):
    write.o                   cbm/write.s(10)
GETIN (kernal.o):
IOBASE (kernal.o):
IOINIT (kernal.o):
LISTEN (kernal.o):
LOAD (kernal.o):
MEMBOT (kernal.o):
MEMTOP (kernal.o):
OPEN (kernal.o):
    write.o                   cbm/write.s(10)
RAMTAS (kernal.o):
RDTIM (kernal.o):
READST (kernal.o):
    write.o                   cbm/write.s(10)
RESTOR (kernal.o):
SAVE (kernal.o):
SCNKEY (kernal.o):
SCREEN (kernal.o):
SECOND (kernal.o):
SETLFS (kernal.o):
    write.o                   cbm/write.s(10)
SETMSG (kernal.o):
SETNAM (kernal.o):
SETTIM (kernal.o):
SETTMO (kernal.o):
ST (status.o):
    crt0.o                    c64/crt0.s(13)
STOP (kernal.o):
TALK (kernal.o):
TKSA (kernal.o):
UDTIM (kernal.o):
UNLSN (kernal.o):
UNTLK (kernal.o):
VECTOR (kernal.o):
__BSS_LOAD__ ([linker generated]):
__BSS_RUN__ ([linker generated]):
    zerobss.o                 common/zerobss.s(8)
__BSS_SIZE__ ([linker generated]):
    zerobss.o                 common/zerobss.s(8)
__CONSTRUCTOR_COUNT__ ([linker generated]):
    condes.o                  runtime/condes.s(18)
__CONSTRUCTOR_TABLE__ ([linker generated]):
    condes.o                  runtime/condes.s(18)
__DESTRUCTOR_COUNT__ ([linker generated]):
    condes.o                  runtime/condes.s(19)
__DESTRUCTOR_TABLE__ ([linker generated]):
    condes.o                  runtime/condes.s(19)
__EXEHDR__ (exehdr.o):
    [linker generated]        /media/js/29a565b2-0370-40e9-bddc-690a30787715/mega65/codeEnv/cc65/cfg/c64.cfg(6)
__HEADER_FILEOFFS__ ([linker generated]):
__HEADER_LAST__ ([linker generated]):
    [linker generated]        /media/js/29a565b2-0370-40e9-bddc-690a30787715/mega65/codeEnv/cc65/cfg/c64.cfg(14)
    [linker generated]        /media/js/29a565b2-0370-40e9-bddc-690a30787715/mega65/codeEnv/cc65/cfg/c64.cfg(14)
__HEADER_SIZE__ ([linker generated]):
__HEADER_START__ ([linker generated]):
__HIMEM__ ([linker generated]):
    [linker generated]        /media/js/29a565b2-0370-40e9-bddc-690a30787715/mega65/codeEnv/cc65/cfg/c64.cfg(15)
    [linker generated]        /media/js/29a565b2-0370-40e9-bddc-690a30787715/mega65/codeEnv/cc65/cfg/c64.cfg(14)
__LOADADDR__ (loadaddr.o):
    [linker generated]        /media/js/29a565b2-0370-40e9-bddc-690a30787715/mega65/codeEnv/cc65/cfg/c64.cfg(5)
__MAIN_FILEOFFS__ ([linker generated]):
__MAIN_LAST__ ([linker generated]):
__MAIN_SIZE__ ([linker generated]):
    crt0.o                    c64/crt0.s(11)
__MAIN_START__ ([linker generated]):
    crt0.o                    c64/crt0.s(11)
__ONCE_LOAD__ ([linker generated]):
__ONCE_RUN__ ([linker generated]):
    [linker generated]        /media/js/29a565b2-0370-40e9-bddc-690a30787715/mega65/codeEnv/cc65/cfg/c64.cfg(15)
    [linker generated]        /media/js/29a565b2-0370-40e9-bddc-690a30787715/mega65/codeEnv/cc65/cfg/c64.cfg(15)
__ONCE_SIZE__ ([linker generated]):
__STACKSIZE__ ([linker generated]):
    [linker generated]        /media/js/29a565b2-0370-40e9-bddc-690a30787715/mega65/codeEnv/cc65/cfg/c64.cfg(15)
__STARTUP__ (crt0.o):
    main.o                    main.s(13)
__ZP_FILEOFFS__ ([linker generated]):
__ZP_LAST__ ([linker generated]):
__ZP_SIZE__ ([linker generated]):
__ZP_START__ ([linker generated]):
__argc (callmain.o):
__argv (callmain.o):
__ctype (ctype.o):
    strlower.o                common/strlower.s(13)
__directerrno (_directerrno.o):
    write.o                   /media/js/29a565b2-0370-40e9-bddc-690a30787715/mega65/codeEnv/cc65/asminc/errno.inc(10)
__errno (errno.o):
    _seterrno.o               /media/js/29a565b2-0370-40e9-bddc-690a30787715/mega65/codeEnv/cc65/asminc/errno.inc(7)
__filetab (_file.o):
__hextab (_hextab.o):
    ltoa.o                    common/ltoa.s(10)
__longminstr (_longminstr.o):
    ltoa.o                    common/ltoa.s(10)
__mappederrno (_mappederrno.o):
    write.o                   /media/js/29a565b2-0370-40e9-bddc-690a30787715/mega65/codeEnv/cc65/asminc/errno.inc(10)
__oserror (_oserror.o):
    _mappederrno.o            /media/js/29a565b2-0370-40e9-bddc-690a30787715/mega65/codeEnv/cc65/asminc/errno.inc(7)
    _directerrno.o            /media/js/29a565b2-0370-40e9-bddc-690a30787715/mega65/codeEnv/cc65/asminc/errno.inc(7)
    write.o                   /media/js/29a565b2-0370-40e9-bddc-690a30787715/mega65/codeEnv/cc65/asminc/errno.inc(7)
__osmaperrno (oserror.o):
    _mappederrno.o            /media/js/29a565b2-0370-40e9-bddc-690a30787715/mega65/codeEnv/cc65/asminc/errno.inc(8)
__printf (_printf.o):
    vfprintf.o                common/vfprintf.s(10)
__seterrno (_seterrno.o):
    _mappederrno.o            /media/js/29a565b2-0370-40e9-bddc-690a30787715/mega65/codeEnv/cc65/asminc/errno.inc(9)
    _directerrno.o            /media/js/29a565b2-0370-40e9-bddc-690a30787715/mega65/codeEnv/cc65/asminc/errno.inc(9)
    fwrite.o                  /media/js/29a565b2-0370-40e9-bddc-690a30787715/mega65/codeEnv/cc65/asminc/errno.inc(9)
_addr (screen.o):
_carry (screen.o):
_cgetc (cgetc.o):
    main.o                    main.s(18)
_charset (charset.o):
    screen.o                  screen.s(32)
_clearScreen (layout.o):
_displayText (layout.o):
    main.o                    main.s(20)
_display_footer (screen.o):
_dma_byte (memory.o):
_dmalist (memory.o):
_do_dma (memory.o):
_exit (crt0.o):
_fatal_error (screen.o):
_footer_messages (screen.o):
_format_decimal (screen.o):
_format_hex (screen.o):
_fwrite (fwrite.o):
    vfprintf.o                common/vfprintf.s(10)
_i (screen.o):
_ii (screen.o):
_j (screen.o):
_kbhit (kbhit.o):
    main.o                    main.s(17)
_layout (layout.o):
    main.o                    main.s(19)
_lcopy (memory.o):
    screen.o                  screen.s(30)
_lfill (memory.o):
    screen.o                  screen.s(31)
    draw.o                    draw.s(13)
    layout.o                  layout.s(15)
_lpeek (memory.o):
    screen.o                  screen.s(28)
_lpoke (memory.o):
    screen.o                  screen.s(29)
_ltoa (ltoa.o):
    _printf.o                 common/_printf.s(12)
_m65_io_enable (memory.o):
    screen.o                  screen.s(27)
_main (main.o):
    callmain.o                runtime/callmain.s(11)
_mega65_fast (hal_mega65.o):
    main.o                    main.s(15)
_modem_line (main.o):
_modem_line_len (main.o):
_panel (draw.o):
    layout.o                  layout.s(14)
_poll_modem (main.o):
_printf (printf.o):
    main.o                    main.s(14)
_process_modem_line (main.o):
_prop_m65u_name (hal_mega65.o):
_read_line (screen.o):
_recolour_last_line (screen.o):
_rectangle (draw.o):
    layout.o                  layout.s(13)
_screen_colour_line (screen.o):
_screen_column (screen.o):
_screen_decimal (screen.o):
_screen_decimal_digits (screen.o):
_screen_hex (screen.o):
_screen_hex_buffer (screen.o):
_screen_hex_byte (screen.o):
_screen_hex_digits (screen.o):
_screen_line_address (screen.o):
_sdhc_card (hal_mega65.o):
_set_screen_attributes (screen.o):
_setupSerial (main.o):
_setup_screen (screen.o):
    main.o                    main.s(16)
_stderr (_file.o):
_stdin (_file.o):
_stdout (_file.o):
    printf.o                  common/printf.s(8)
_strlen (strlen.o):
    _printf.o                 common/_printf.s(13)
_strlower (strlower.o):
    _printf.o                 common/_printf.s(13)
_strlwr (strlower.o):
_temp (screen.o):
_to_screen_hex (screen.o):
_ultoa (ltoa.o):
    _printf.o                 common/_printf.s(12)
_usleep (hal_mega65.o):
_value (screen.o):
_vfprintf (vfprintf.o):
    printf.o                  common/printf.s(8)
_write (write.o):
    fwrite.o                  common/fwrite.s(10)
_write_line (screen.o):
_write_modem (main.o):
addeq0sp (addeqsp.o):
addeqysp (addeqsp.o):
    draw.o                    draw.s(665)
addysp (addysp.o):
    fwrite.o                  common/fwrite.s(11)
    printf.o                  common/printf.s(8)
    incsp7.o                  runtime/incsp7.s(8)
    incsp6.o                  runtime/incsp6.s(8)
    incsp5.o                  runtime/incsp5.s(8)
    incsp4.o                  runtime/incsp4.s(8)
    screen.o                  screen.s(1659)
    screen.o                  screen.s(1659)
    screen.o                  screen.s(1659)
    memory.o                  memory.s(389)
    draw.o                    draw.s(665)
    draw.o                    draw.s(665)
    layout.o                  layout.s(964)
    layout.o                  layout.s(964)
addysp1 (addysp.o):
    or.o                      runtime/or.s(9)
    lsub.o                    runtime/lsub.s(11)
    land.o                    runtime/land.s(9)
    ladd.o                    runtime/ladd.s(8)
aslax2 (aslax2.o):
    draw.o                    draw.s(665)
    layout.o                  layout.s(964)
aslax4 (aslax4.o):
    draw.o                    draw.s(665)
asreax4 (asreax4.o):
    screen.o                  screen.s(1659)
    screen.o                  screen.s(1659)
    memory.o                  memory.s(389)
    memory.o                  memory.s(389)
    memory.o                  memory.s(389)
    memory.o                  memory.s(389)
axlong (axlong.o):
    _printf.o                 common/_printf.s(11)
    screen.o                  screen.s(1659)
axulong (axlong.o):
    _printf.o                 common/_printf.s(11)
callmain (callmain.o):
    crt0.o                    c64/crt0.s(9)
condes (condes.o):
cursor (_cursor.o):
    cgetc.o                   c64/cgetc.s(8)
deceaxy (ldec.o):
    screen.o                  screen.s(1659)
    draw.o                    draw.s(665)
decsp1 (decsp1.o):
    screen.o                  screen.s(1659)
    screen.o                  screen.s(1659)
    main.o                    main.s(911)
    main.o                    main.s(911)
decsp2 (decsp2.o):
    toslong.o                 runtime/toslong.s(8)
    screen.o                  screen.s(1659)
    draw.o                    draw.s(665)
    layout.o                  layout.s(964)
decsp4 (decsp4.o):
    lpush.o                   runtime/lpush.s(12)
    draw.o                    draw.s(665)
    layout.o                  layout.s(964)
    layout.o                  layout.s(964)
decsp5 (decsp5.o):
    screen.o                  screen.s(1659)
    screen.o                  screen.s(1659)
    screen.o                  screen.s(1659)
    screen.o                  screen.s(1659)
    screen.o                  screen.s(1659)
    screen.o                  screen.s(1659)
    draw.o                    draw.s(665)
    draw.o                    draw.s(665)
    layout.o                  layout.s(964)
    layout.o                  layout.s(964)
decsp6 (decsp6.o):
    _printf.o                 common/_printf.s(11)
    layout.o                  layout.s(964)
    main.o                    main.s(911)
decsp7 (decsp7.o):
    screen.o                  screen.s(1659)
decsp8 (decsp8.o):
    screen.o                  screen.s(1659)
    screen.o                  screen.s(1659)
    screen.o                  screen.s(1659)
donelib (condes.o):
    crt0.o                    c64/crt0.s(8)
fdtab (filedes.o):
    write.o                   cbm/filedes.inc(7)
freefd (filedes.o):
inceaxy (linc.o):
    screen.o                  screen.s(1659)
    layout.o                  layout.s(964)
incsp1 (incsp1.o):
    hal_mega65.o              hal_mega65.s(85)
    screen.o                  screen.s(1659)
    screen.o                  screen.s(1659)
    screen.o                  screen.s(1659)
    main.o                    main.s(911)
incsp2 (incsp2.o):
    staspidx.o                runtime/staspidx.s(8)
    popptr1.o                 runtime/popptr1.s(8)
    screen.o                  screen.s(1659)
    screen.o                  screen.s(1659)
incsp4 (incsp4.o):
    hal_mega65.o              hal_mega65.s(85)
    screen.o                  screen.s(1659)
    screen.o                  screen.s(1659)
    memory.o                  memory.s(389)
    layout.o                  layout.s(964)
    main.o                    main.s(911)
incsp5 (incsp5.o):
    screen.o                  screen.s(1659)
    memory.o                  memory.s(389)
incsp6 (incsp6.o):
    fwrite.o                  common/fwrite.s(11)
    vfprintf.o                common/vfprintf.s(9)
    screen.o                  screen.s(1659)
    screen.o                  screen.s(1659)
    screen.o                  screen.s(1659)
incsp7 (incsp7.o):
    memory.o                  memory.s(389)
initlib (condes.o):
    crt0.o                    c64/crt0.s(8)
initstdout (write.o):
laddeq (laddeq.o):
laddeq0sp (laddeqsp.o):
    draw.o                    draw.s(665)
laddeq1 (laddeq.o):
laddeqa (laddeq.o):
    screen.o                  screen.s(1659)
laddeqysp (laddeqsp.o):
ldax0sp (ldaxsp.o):
ldaxysp (ldaxsp.o):
    fwrite.o                  common/fwrite.s(11)
ldeax0sp (ldeaxysp.o):
    hal_mega65.o              hal_mega65.s(85)
    screen.o                  screen.s(1659)
    memory.o                  memory.s(389)
    layout.o                  layout.s(964)
ldeaxysp (ldeaxysp.o):
    screen.o                  screen.s(1659)
    screen.o                  screen.s(1659)
    screen.o                  screen.s(1659)
    screen.o                  screen.s(1659)
    screen.o                  screen.s(1659)
    memory.o                  memory.s(389)
    memory.o                  memory.s(389)
    memory.o                  memory.s(389)
    draw.o                    draw.s(665)
    layout.o                  layout.s(964)
lsubeq (lsubeq.o):
lsubeq0sp (lsubeqsp.o):
lsubeq1 (lsubeq.o):
lsubeqa (lsubeq.o):
    screen.o                  screen.s(1659)
lsubeqysp (lsubeqsp.o):
    hal_mega65.o              hal_mega65.s(85)
mul8x16 (mul8.o):
    mul.o                     runtime/mul.s(8)
mul8x16a (mul8.o):
    mul.o                     runtime/mul.s(8)
mulax5 (mulax5.o):
    screen.o                  screen.s(1659)
mulax7 (mulax7.o):
    layout.o                  layout.s(964)
negeax (lneg.o):
    ltoa.o                    common/ltoa.s(9)
popax (incsp2.o):
    rwcommon.o                cbm/rwcommon.s(9)
    ltoa.o                    common/ltoa.s(9)
    _printf.o                 common/_printf.s(11)
popptr1 (popptr1.o):
    rwcommon.o                cbm/rwcommon.s(9)
    mul.o                     runtime/mul.s(9)
    ltoa.o                    common/ltoa.s(9)
    umod.o                    runtime/umod.s(8)
    udiv.o                    runtime/udiv.s(9)
    mul8.o                    runtime/mul8.s(9)
ptr1 (zeropage.o):
    write.o                   cbm/write.s(12)
    strlower.o                common/strlower.s(14)
    mul.o                     runtime/mul.s(10)
    ltoa.o                    common/ltoa.s(11)
    fwrite.o                  common/fwrite.s(14)
    _printf.o                 /media/js/29a565b2-0370-40e9-bddc-690a30787715/mega65/codeEnv/cc65/asminc/zeropage.inc(12)
    zerobss.o                 common/zerobss.s(9)
    vfprintf.o                common/vfprintf.s(11)
    udiv.o                    runtime/udiv.s(10)
    staspidx.o                runtime/staspidx.s(9)
    printf.o                  common/printf.s(9)
    popptr1.o                 runtime/popptr1.s(9)
    mulax7.o                  runtime/mulax7.s(10)
    mulax5.o                  runtime/mulax5.s(9)
    mul8.o                    runtime/mul8.s(10)
    lsubeq.o                  runtime/lsubeq.s(12)
    laddeq.o                  runtime/laddeq.s(12)
    screen.o                  screen.s(11)
    draw.o                    draw.s(11)
    layout.o                  layout.s(11)
    main.o                    main.s(11)
ptr2 (zeropage.o):
    rwcommon.o                cbm/rwcommon.s(10)
    write.o                   cbm/write.s(12)
    strlower.o                common/strlower.s(14)
    strlen.o                  common/strlen.s(12)
    ltoa.o                    common/ltoa.s(11)
    _printf.o                 /media/js/29a565b2-0370-40e9-bddc-690a30787715/mega65/codeEnv/cc65/asminc/zeropage.inc(12)
ptr3 (zeropage.o):
    rwcommon.o                cbm/rwcommon.s(10)
    write.o                   cbm/write.s(12)
    ltoa.o                    common/ltoa.s(11)
ptr4 (zeropage.o):
    mul.o                     runtime/mul.s(10)
    umod.o                    runtime/umod.s(9)
    udiv.o                    runtime/udiv.s(10)
    mul8.o                    runtime/mul8.s(10)
    linc.o                    runtime/linc.s(8)
push0 (pushax.o):
    layout.o                  layout.s(964)
push0ax (lpush.o):
    screen.o                  screen.s(1659)
    screen.o                  screen.s(1659)
    screen.o                  screen.s(1659)
    draw.o                    draw.s(665)
    draw.o                    draw.s(665)
    layout.o                  layout.s(964)
push1 (push1.o):
    _printf.o                 common/_printf.s(11)
    vfprintf.o                common/vfprintf.s(9)
pusha (pusha.o):
    hal_mega65.o              hal_mega65.s(85)
    screen.o                  screen.s(1659)
    screen.o                  screen.s(1659)
    screen.o                  screen.s(1659)
    screen.o                  screen.s(1659)
    screen.o                  screen.s(1659)
    screen.o                  screen.s(1659)
    screen.o                  screen.s(1659)
    screen.o                  screen.s(1659)
    screen.o                  screen.s(1659)
    memory.o                  memory.s(389)
    draw.o                    draw.s(665)
    draw.o                    draw.s(665)
    layout.o                  layout.s(964)
    layout.o                  layout.s(964)
    main.o                    main.s(911)
    main.o                    main.s(911)
    main.o                    main.s(911)
pusha0 (pushax.o):
    push1.o                   runtime/push1.s(8)
    screen.o                  screen.s(1659)
    screen.o                  screen.s(1659)
    layout.o                  layout.s(964)
    main.o                    main.s(911)
pusha0sp (pusha.o):
pushax (pushax.o):
    fwrite.o                  common/fwrite.s(11)
    callmain.o                runtime/callmain.s(11)
    _printf.o                 common/_printf.s(11)
    printf.o                  common/printf.s(8)
    screen.o                  screen.s(1659)
    screen.o                  screen.s(1659)
    screen.o                  screen.s(1659)
    screen.o                  screen.s(1659)
    screen.o                  screen.s(1659)
    screen.o                  screen.s(1659)
    memory.o                  memory.s(389)
    memory.o                  memory.s(389)
    draw.o                    draw.s(665)
    layout.o                  layout.s(964)
    main.o                    main.s(911)
    main.o                    main.s(911)
pushaysp (pusha.o):
pusheax (lpush.o):
    _printf.o                 common/_printf.s(11)
    hal_mega65.o              hal_mega65.s(85)
    screen.o                  screen.s(1659)
    screen.o                  screen.s(1659)
    screen.o                  screen.s(1659)
    screen.o                  screen.s(1659)
    screen.o                  screen.s(1659)
    screen.o                  screen.s(1659)
    memory.o                  memory.s(389)
    memory.o                  memory.s(389)
    memory.o                  memory.s(389)
    memory.o                  memory.s(389)
    draw.o                    draw.s(665)
    draw.o                    draw.s(665)
    layout.o                  layout.s(964)
    layout.o                  layout.s(964)
    layout.o                  layout.s(964)
pushl0 (lpush.o):
pushw0sp (pushwsp.o):
pushwysp (pushwsp.o):
    fwrite.o                  common/fwrite.s(11)
    vfprintf.o                common/vfprintf.s(9)
    screen.o                  screen.s(1659)
    screen.o                  screen.s(1659)
    screen.o                  screen.s(1659)
regbank (zeropage.o):
    _printf.o                 /media/js/29a565b2-0370-40e9-bddc-690a30787715/mega65/codeEnv/cc65/asminc/zeropage.inc(14)
regsave (zeropage.o):
    lsave.o                   runtime/lsave.s(9)
    screen.o                  screen.s(10)
resteax (lsave.o):
    screen.o                  screen.s(1659)
    layout.o                  layout.s(964)
rwcommon (rwcommon.o):
    write.o                   cbm/write.s(11)
saveeax (lsave.o):
    screen.o                  screen.s(1659)
    layout.o                  layout.s(964)
shlax2 (aslax2.o):
    screen.o                  screen.s(1659)
    draw.o                    draw.s(665)
    layout.o                  layout.s(964)
    main.o                    main.s(911)
shlax4 (aslax4.o):
    screen.o                  screen.s(1659)
    draw.o                    draw.s(665)
    layout.o                  layout.s(964)
    main.o                    main.s(911)
shrax1 (shrax1.o):
    draw.o                    draw.s(665)
sp (zeropage.o):
    ldaxsp.o                  runtime/ldaxsp.s(8)
    _printf.o                 /media/js/29a565b2-0370-40e9-bddc-690a30787715/mega65/codeEnv/cc65/asminc/zeropage.inc(11)
    vfprintf.o                common/vfprintf.s(11)
    toslong.o                 runtime/toslong.s(9)
    subysp.o                  runtime/subysp.s(9)
    steaxsp.o                 runtime/steaxsp.s(8)
    staxsp.o                  runtime/staxsp.s(8)
    staspidx.o                runtime/staspidx.s(9)
    pushwsp.o                 runtime/pushwsp.s(8)
    pushax.o                  runtime/pushax.s(8)
    pusha.o                   runtime/pusha.s(8)
    printf.o                  common/printf.s(9)
    popptr1.o                 runtime/popptr1.s(9)
    or.o                      runtime/or.s(10)
    lsubeqsp.o                runtime/lsubeqsp.s(8)
    lsub.o                    runtime/lsub.s(12)
    lpush.o                   runtime/lpush.s(13)
    ldeaxysp.o                runtime/ldeaxysp.s(12)
    land.o                    runtime/land.s(10)
    laddeqsp.o                runtime/laddeqsp.s(8)
    ladd.o                    runtime/ladd.s(9)
    incsp2.o                  runtime/incsp2.s(8)
    incsp1.o                  runtime/incsp1.s(8)
    decsp8.o                  runtime/decsp8.s(8)
    decsp7.o                  runtime/decsp7.s(8)
    decsp6.o                  runtime/decsp6.s(8)
    decsp5.o                  runtime/decsp5.s(8)
    decsp4.o                  runtime/decsp4.s(8)
    decsp2.o                  runtime/decsp2.s(8)
    decsp1.o                  runtime/decsp1.s(8)
    crt0.o                    /media/js/29a565b2-0370-40e9-bddc-690a30787715/mega65/codeEnv/cc65/asminc/zeropage.inc(11)
    addysp.o                  runtime/addysp.s(8)
    addeqsp.o                 runtime/addeqsp.s(8)
    add.o                     runtime/add.s(12)
    hal_mega65.o              hal_mega65.s(10)
    screen.o                  screen.s(10)
    memory.o                  memory.s(10)
    draw.o                    draw.s(10)
    layout.o                  layout.s(10)
    main.o                    main.s(10)
sreg (zeropage.o):
    lneg.o                    runtime/lneg.s(11)
    ltoa.o                    common/ltoa.s(11)
    _printf.o                 /media/js/29a565b2-0370-40e9-bddc-690a30787715/mega65/codeEnv/cc65/asminc/zeropage.inc(11)
    umod.o                    runtime/umod.s(9)
    udiv.o                    runtime/udiv.s(10)
    steaxsp.o                 runtime/steaxsp.s(8)
    lsubeqsp.o                runtime/lsubeqsp.s(8)
    lsubeq.o                  runtime/lsubeq.s(12)
    lsub.o                    runtime/lsub.s(12)
    lsave.o                   runtime/lsave.s(9)
    lpush.o                   runtime/lpush.s(13)
    linc.o                    runtime/linc.s(8)
    ldec.o                    runtime/ldec.s(9)
    ldeaxysp.o                runtime/ldeaxysp.s(12)
    land.o                    runtime/land.s(10)
    laddeqsp.o                runtime/laddeqsp.s(8)
    laddeq.o                  runtime/laddeq.s(12)
    ladd.o                    runtime/ladd.s(9)
    axlong.o                  runtime/axlong.s(9)
    asreax4.o                 runtime/asreax4.s(8)
    hal_mega65.o              hal_mega65.s(10)
    screen.o                  screen.s(10)
    memory.o                  memory.s(10)
    draw.o                    draw.s(10)
    layout.o                  layout.s(10)
    main.o                    main.s(10)
staspidx (staspidx.o):
    screen.o                  screen.s(1659)
    screen.o                  screen.s(1659)
    screen.o                  screen.s(1659)
    screen.o                  screen.s(1659)
    draw.o                    draw.s(665)
    layout.o                  layout.s(964)
    main.o                    main.s(911)
stax0sp (staxsp.o):
    screen.o                  screen.s(1659)
    layout.o                  layout.s(964)
staxysp (staxsp.o):
    draw.o                    draw.s(665)
steax0sp (steaxsp.o):
    screen.o                  screen.s(1659)
    screen.o                  screen.s(1659)
    draw.o                    draw.s(665)
    layout.o                  layout.s(964)
    main.o                    main.s(911)
steaxysp (steaxsp.o):
    screen.o                  screen.s(1659)
    screen.o                  screen.s(1659)
    screen.o                  screen.s(1659)
    screen.o                  screen.s(1659)
    screen.o                  screen.s(1659)
    draw.o                    draw.s(665)
    draw.o                    draw.s(665)
    layout.o                  layout.s(964)
    layout.o                  layout.s(964)
subysp (subysp.o):
    screen.o                  screen.s(1659)
    draw.o                    draw.s(665)
    layout.o                  layout.s(964)
    main.o                    main.s(911)
tmp1 (zeropage.o):
    mul.o                     runtime/mul.s(10)
    ltoa.o                    common/ltoa.s(11)
    _printf.o                 /media/js/29a565b2-0370-40e9-bddc-690a30787715/mega65/codeEnv/cc65/asminc/zeropage.inc(13)
    staspidx.o                runtime/staspidx.s(9)
    shrax1.o                  runtime/shrax1.s(8)
    or.o                      runtime/or.s(10)
    ldec.o                    runtime/ldec.s(9)
    land.o                    runtime/land.s(10)
    ladd.o                    runtime/ladd.s(9)
    asreax4.o                 runtime/asreax4.s(8)
    aslax4.o                  runtime/aslax4.s(8)
    aslax2.o                  runtime/aslax2.s(8)
    add.o                     runtime/add.s(12)
tmp2 (zeropage.o):
    rwcommon.o                cbm/rwcommon.s(10)
tmp3 (zeropage.o):
tmp4 (zeropage.o):
tosadd0ax (ladd.o):
    screen.o                  screen.s(1659)
    screen.o                  screen.s(1659)
    draw.o                    draw.s(665)
    draw.o                    draw.s(665)
    layout.o                  layout.s(964)
    layout.o                  layout.s(964)
    layout.o                  layout.s(964)
tosadda0 (add.o):
    screen.o                  screen.s(1659)
    screen.o                  screen.s(1659)
tosaddax (add.o):
tosaddeax (ladd.o):
    screen.o                  screen.s(1659)
    screen.o                  screen.s(1659)
    screen.o                  screen.s(1659)
    screen.o                  screen.s(1659)
    draw.o                    draw.s(665)
    draw.o                    draw.s(665)
    layout.o                  layout.s(964)
    layout.o                  layout.s(964)
tosand0ax (land.o):
    memory.o                  memory.s(389)
    memory.o                  memory.s(389)
    memory.o                  memory.s(389)
    memory.o                  memory.s(389)
tosandeax (land.o):
toslong (toslong.o):
tosmula0 (mul8.o):
    main.o                    main.s(911)
tosmulax (mul.o):
tosora0 (or.o):
    screen.o                  screen.s(1659)
tosorax (or.o):
tossub0ax (lsub.o):
    screen.o                  screen.s(1659)
    screen.o                  screen.s(1659)
    screen.o                  screen.s(1659)
tossubeax (lsub.o):
tosudiva0 (udiv.o):
    layout.o                  layout.s(964)
tosudivax (udiv.o):
    fwrite.o                  common/fwrite.s(12)
tosulong (toslong.o):
    screen.o                  screen.s(1659)
tosumoda0 (umod.o):
    layout.o                  layout.s(964)
tosumodax (umod.o):
tosumula0 (mul8.o):
tosumulax (mul.o):
    fwrite.o                  common/fwrite.s(12)
udiv16 (udiv.o):
    umod.o                    runtime/umod.s(8)
unittab (filedes.o):
zerobss (zerobss.o):
    crt0.o                    c64/crt0.s(9)

